<?xml version="1.0" encoding="ISO-8859-1" ?>
<link_info>
   <banner>MSP430 Linker PC v18.1.4.LTS</banner>
   <copyright>Copyright (c) 2003-2018 Texas Instruments Incorporated</copyright>
   <link_time>0x5c18107e</link_time>
   <link_errors>0x0</link_errors>
   <output_file>LockNFC_code.out</output_file>
   <entry_point>
      <name>_c_int00_noargs</name>
      <address>0xe47a</address>
   </entry_point>
   <input_file_list>
      <input_file id="fl-2">
         <path>.\</path>
         <kind>object</kind>
         <file>captouch.obj</file>
         <name>captouch.obj</name>
      </input_file>
      <input_file id="fl-3">
         <path>.\</path>
         <kind>object</kind>
         <file>main.obj</file>
         <name>main.obj</name>
      </input_file>
      <input_file id="fl-4">
         <path>.\Hardware\</path>
         <kind>object</kind>
         <file>VLO_Library.obj</file>
         <name>VLO_Library.obj</name>
      </input_file>
      <input_file id="fl-5">
         <path>.\Hardware\</path>
         <kind>object</kind>
         <file>mcu.obj</file>
         <name>mcu.obj</name>
      </input_file>
      <input_file id="fl-6">
         <path>.\Hardware\</path>
         <kind>object</kind>
         <file>nfc.obj</file>
         <name>nfc.obj</name>
      </input_file>
      <input_file id="fl-7">
         <path>.\Hardware\</path>
         <kind>object</kind>
         <file>spi.obj</file>
         <name>spi.obj</name>
      </input_file>
      <input_file id="fl-8">
         <path>.\Hardware\</path>
         <kind>object</kind>
         <file>trf79xxa.obj</file>
         <name>trf79xxa.obj</name>
      </input_file>
      <input_file id="fl-9">
         <path>.\Hardware\</path>
         <kind>object</kind>
         <file>uart.obj</file>
         <name>uart.obj</name>
      </input_file>
      <input_file id="fl-a">
         <path>.\NFC\</path>
         <kind>object</kind>
         <file>felica.obj</file>
         <name>felica.obj</name>
      </input_file>
      <input_file id="fl-b">
         <path>.\NFC\</path>
         <kind>object</kind>
         <file>iso14443a.obj</file>
         <name>iso14443a.obj</name>
      </input_file>
      <input_file id="fl-c">
         <path>.\NFC\</path>
         <kind>object</kind>
         <file>iso14443b.obj</file>
         <name>iso14443b.obj</name>
      </input_file>
      <input_file id="fl-d">
         <path>.\NFC\</path>
         <kind>object</kind>
         <file>iso15693.obj</file>
         <name>iso15693.obj</name>
      </input_file>
      <input_file id="fl-e">
         <path>.\NFC\</path>
         <kind>object</kind>
         <file>ndef.obj</file>
         <name>ndef.obj</name>
      </input_file>
      <input_file id="fl-f">
         <path>.\NFC\</path>
         <kind>object</kind>
         <file>nfc_app.obj</file>
         <name>nfc_app.obj</name>
      </input_file>
      <input_file id="fl-10">
         <path>.\captivate\ADVANCED\</path>
         <kind>object</kind>
         <file>CAPT_Manager.obj</file>
         <name>CAPT_Manager.obj</name>
      </input_file>
      <input_file id="fl-11">
         <path>.\captivate\BASE\</path>
         <kind>object</kind>
         <file>CAPT_ISR.obj</file>
         <name>CAPT_ISR.obj</name>
      </input_file>
      <input_file id="fl-12">
         <path>.\captivate\COMM\</path>
         <kind>object</kind>
         <file>CAPT_Interface.obj</file>
         <name>CAPT_Interface.obj</name>
      </input_file>
      <input_file id="fl-13">
         <path>.\captivate\COMM\</path>
         <kind>object</kind>
         <file>FunctionTimer.obj</file>
         <name>FunctionTimer.obj</name>
      </input_file>
      <input_file id="fl-14">
         <path>.\captivate\COMM\</path>
         <kind>object</kind>
         <file>I2CSlave.obj</file>
         <name>I2CSlave.obj</name>
      </input_file>
      <input_file id="fl-15">
         <path>.\captivate\COMM\</path>
         <kind>object</kind>
         <file>UART.obj</file>
         <name>UART.obj</name>
      </input_file>
      <input_file id="fl-16">
         <path>.\captivate_app\</path>
         <kind>object</kind>
         <file>CAPT_App.obj</file>
         <name>CAPT_App.obj</name>
      </input_file>
      <input_file id="fl-17">
         <path>.\captivate_app\</path>
         <kind>object</kind>
         <file>CAPT_BSP.obj</file>
         <name>CAPT_BSP.obj</name>
      </input_file>
      <input_file id="fl-18">
         <path>.\captivate_config\</path>
         <kind>object</kind>
         <file>CAPT_UserConfig.obj</file>
         <name>CAPT_UserConfig.obj</name>
      </input_file>
      <input_file id="fl-26">
         <kind>object</kind>
         <file>&lt;internal&gt;</file>
         <name>&lt;internal&gt;</name>
      </input_file>
      <input_file id="fl-27">
         <path>..\captivate\BASE\libraries\</path>
         <kind>archive</kind>
         <file>captivate_fr2633_family.lib</file>
         <name>CAPT_Calibration.o</name>
      </input_file>
      <input_file id="fl-28">
         <path>..\captivate\BASE\libraries\</path>
         <kind>archive</kind>
         <file>captivate_fr2633_family.lib</file>
         <name>CAPT_EMC.o</name>
      </input_file>
      <input_file id="fl-29">
         <path>..\captivate\BASE\libraries\</path>
         <kind>archive</kind>
         <file>captivate_fr2633_family.lib</file>
         <name>CAPT_HAL.o</name>
      </input_file>
      <input_file id="fl-2a">
         <path>..\captivate\BASE\libraries\</path>
         <kind>archive</kind>
         <file>captivate_fr2633_family.lib</file>
         <name>CAPT_Touch.o</name>
      </input_file>
      <input_file id="fl-2e">
         <path>..\driverlib\MSP430FR2xx_4xx\libraries\</path>
         <kind>archive</kind>
         <file>driverlib_scsd.lib</file>
         <name>cs.o</name>
      </input_file>
      <input_file id="fl-2f">
         <path>..\driverlib\MSP430FR2xx_4xx\libraries\</path>
         <kind>archive</kind>
         <file>driverlib_scsd.lib</file>
         <name>framctl.o</name>
      </input_file>
      <input_file id="fl-54">
         <path>C:\ti\ccsv8\tools\compiler\ti-cgt-msp430_18.1.4.LTS\lib\</path>
         <kind>archive</kind>
         <file>rts430x_sc_sd_eabi.lib</file>
         <name>div16s.asm.obj</name>
      </input_file>
      <input_file id="fl-55">
         <path>C:\ti\ccsv8\tools\compiler\ti-cgt-msp430_18.1.4.LTS\lib\</path>
         <kind>archive</kind>
         <file>rts430x_sc_sd_eabi.lib</file>
         <name>div16u.asm.obj</name>
      </input_file>
      <input_file id="fl-56">
         <path>C:\ti\ccsv8\tools\compiler\ti-cgt-msp430_18.1.4.LTS\lib\</path>
         <kind>archive</kind>
         <file>rts430x_sc_sd_eabi.lib</file>
         <name>div32s.asm.obj</name>
      </input_file>
      <input_file id="fl-57">
         <path>C:\ti\ccsv8\tools\compiler\ti-cgt-msp430_18.1.4.LTS\lib\</path>
         <kind>archive</kind>
         <file>rts430x_sc_sd_eabi.lib</file>
         <name>div32u.asm.obj</name>
      </input_file>
      <input_file id="fl-58">
         <path>C:\ti\ccsv8\tools\compiler\ti-cgt-msp430_18.1.4.LTS\lib\</path>
         <kind>archive</kind>
         <file>rts430x_sc_sd_eabi.lib</file>
         <name>int42.asm.obj</name>
      </input_file>
      <input_file id="fl-59">
         <path>C:\ti\ccsv8\tools\compiler\ti-cgt-msp430_18.1.4.LTS\lib\</path>
         <kind>archive</kind>
         <file>rts430x_sc_sd_eabi.lib</file>
         <name>int43.asm.obj</name>
      </input_file>
      <input_file id="fl-5a">
         <path>C:\ti\ccsv8\tools\compiler\ti-cgt-msp430_18.1.4.LTS\lib\</path>
         <kind>archive</kind>
         <file>rts430x_sc_sd_eabi.lib</file>
         <name>int44.asm.obj</name>
      </input_file>
      <input_file id="fl-5b">
         <path>C:\ti\ccsv8\tools\compiler\ti-cgt-msp430_18.1.4.LTS\lib\</path>
         <kind>archive</kind>
         <file>rts430x_sc_sd_eabi.lib</file>
         <name>int45.asm.obj</name>
      </input_file>
      <input_file id="fl-5c">
         <path>C:\ti\ccsv8\tools\compiler\ti-cgt-msp430_18.1.4.LTS\lib\</path>
         <kind>archive</kind>
         <file>rts430x_sc_sd_eabi.lib</file>
         <name>int46.asm.obj</name>
      </input_file>
      <input_file id="fl-5d">
         <path>C:\ti\ccsv8\tools\compiler\ti-cgt-msp430_18.1.4.LTS\lib\</path>
         <kind>archive</kind>
         <file>rts430x_sc_sd_eabi.lib</file>
         <name>int47.asm.obj</name>
      </input_file>
      <input_file id="fl-5e">
         <path>C:\ti\ccsv8\tools\compiler\ti-cgt-msp430_18.1.4.LTS\lib\</path>
         <kind>archive</kind>
         <file>rts430x_sc_sd_eabi.lib</file>
         <name>int48.asm.obj</name>
      </input_file>
      <input_file id="fl-5f">
         <path>C:\ti\ccsv8\tools\compiler\ti-cgt-msp430_18.1.4.LTS\lib\</path>
         <kind>archive</kind>
         <file>rts430x_sc_sd_eabi.lib</file>
         <name>int49.asm.obj</name>
      </input_file>
      <input_file id="fl-60">
         <path>C:\ti\ccsv8\tools\compiler\ti-cgt-msp430_18.1.4.LTS\lib\</path>
         <kind>archive</kind>
         <file>rts430x_sc_sd_eabi.lib</file>
         <name>int50.asm.obj</name>
      </input_file>
      <input_file id="fl-61">
         <path>C:\ti\ccsv8\tools\compiler\ti-cgt-msp430_18.1.4.LTS\lib\</path>
         <kind>archive</kind>
         <file>rts430x_sc_sd_eabi.lib</file>
         <name>int51.asm.obj</name>
      </input_file>
      <input_file id="fl-62">
         <path>C:\ti\ccsv8\tools\compiler\ti-cgt-msp430_18.1.4.LTS\lib\</path>
         <kind>archive</kind>
         <file>rts430x_sc_sd_eabi.lib</file>
         <name>int52.asm.obj</name>
      </input_file>
      <input_file id="fl-63">
         <path>C:\ti\ccsv8\tools\compiler\ti-cgt-msp430_18.1.4.LTS\lib\</path>
         <kind>archive</kind>
         <file>rts430x_sc_sd_eabi.lib</file>
         <name>int53.asm.obj</name>
      </input_file>
      <input_file id="fl-64">
         <path>C:\ti\ccsv8\tools\compiler\ti-cgt-msp430_18.1.4.LTS\lib\</path>
         <kind>archive</kind>
         <file>rts430x_sc_sd_eabi.lib</file>
         <name>int54.asm.obj</name>
      </input_file>
      <input_file id="fl-65">
         <path>C:\ti\ccsv8\tools\compiler\ti-cgt-msp430_18.1.4.LTS\lib\</path>
         <kind>archive</kind>
         <file>rts430x_sc_sd_eabi.lib</file>
         <name>int55.asm.obj</name>
      </input_file>
      <input_file id="fl-66">
         <path>C:\ti\ccsv8\tools\compiler\ti-cgt-msp430_18.1.4.LTS\lib\</path>
         <kind>archive</kind>
         <file>rts430x_sc_sd_eabi.lib</file>
         <name>int57.asm.obj</name>
      </input_file>
      <input_file id="fl-67">
         <path>C:\ti\ccsv8\tools\compiler\ti-cgt-msp430_18.1.4.LTS\lib\</path>
         <kind>archive</kind>
         <file>rts430x_sc_sd_eabi.lib</file>
         <name>int58.asm.obj</name>
      </input_file>
      <input_file id="fl-68">
         <path>C:\ti\ccsv8\tools\compiler\ti-cgt-msp430_18.1.4.LTS\lib\</path>
         <kind>archive</kind>
         <file>rts430x_sc_sd_eabi.lib</file>
         <name>isr_trap.asm.obj</name>
      </input_file>
      <input_file id="fl-69">
         <path>C:\ti\ccsv8\tools\compiler\ti-cgt-msp430_18.1.4.LTS\lib\</path>
         <kind>archive</kind>
         <file>rts430x_sc_sd_eabi.lib</file>
         <name>lsl16.asm.obj</name>
      </input_file>
      <input_file id="fl-6a">
         <path>C:\ti\ccsv8\tools\compiler\ti-cgt-msp430_18.1.4.LTS\lib\</path>
         <kind>archive</kind>
         <file>rts430x_sc_sd_eabi.lib</file>
         <name>lsl32.asm.obj</name>
      </input_file>
      <input_file id="fl-6b">
         <path>C:\ti\ccsv8\tools\compiler\ti-cgt-msp430_18.1.4.LTS\lib\</path>
         <kind>archive</kind>
         <file>rts430x_sc_sd_eabi.lib</file>
         <name>lsr16.asm.obj</name>
      </input_file>
      <input_file id="fl-6c">
         <path>C:\ti\ccsv8\tools\compiler\ti-cgt-msp430_18.1.4.LTS\lib\</path>
         <kind>archive</kind>
         <file>rts430x_sc_sd_eabi.lib</file>
         <name>lsr32.asm.obj</name>
      </input_file>
      <input_file id="fl-6d">
         <path>C:\ti\ccsv8\tools\compiler\ti-cgt-msp430_18.1.4.LTS\lib\</path>
         <kind>archive</kind>
         <file>rts430x_sc_sd_eabi.lib</file>
         <name>mult16_f5hw.asm.obj</name>
      </input_file>
      <input_file id="fl-6e">
         <path>C:\ti\ccsv8\tools\compiler\ti-cgt-msp430_18.1.4.LTS\lib\</path>
         <kind>archive</kind>
         <file>rts430x_sc_sd_eabi.lib</file>
         <name>mult1632.asm.obj</name>
      </input_file>
      <input_file id="fl-6f">
         <path>C:\ti\ccsv8\tools\compiler\ti-cgt-msp430_18.1.4.LTS\lib\</path>
         <kind>archive</kind>
         <file>rts430x_sc_sd_eabi.lib</file>
         <name>mult1632_f5hw.asm.obj</name>
      </input_file>
      <input_file id="fl-70">
         <path>C:\ti\ccsv8\tools\compiler\ti-cgt-msp430_18.1.4.LTS\lib\</path>
         <kind>archive</kind>
         <file>rts430x_sc_sd_eabi.lib</file>
         <name>mult32.asm.obj</name>
      </input_file>
      <input_file id="fl-71">
         <path>C:\ti\ccsv8\tools\compiler\ti-cgt-msp430_18.1.4.LTS\lib\</path>
         <kind>archive</kind>
         <file>rts430x_sc_sd_eabi.lib</file>
         <name>mult32_f5hw.asm.obj</name>
      </input_file>
      <input_file id="fl-72">
         <path>C:\ti\ccsv8\tools\compiler\ti-cgt-msp430_18.1.4.LTS\lib\</path>
         <kind>archive</kind>
         <file>rts430x_sc_sd_eabi.lib</file>
         <name>mult3264_f5hw.asm.obj</name>
      </input_file>
      <input_file id="fl-73">
         <path>C:\ti\ccsv8\tools\compiler\ti-cgt-msp430_18.1.4.LTS\lib\</path>
         <kind>archive</kind>
         <file>rts430x_sc_sd_eabi.lib</file>
         <name>mult64.asm.obj</name>
      </input_file>
      <input_file id="fl-74">
         <path>C:\ti\ccsv8\tools\compiler\ti-cgt-msp430_18.1.4.LTS\lib\</path>
         <kind>archive</kind>
         <file>rts430x_sc_sd_eabi.lib</file>
         <name>mult64_f5hw.asm.obj</name>
      </input_file>
      <input_file id="fl-75">
         <path>C:\ti\ccsv8\tools\compiler\ti-cgt-msp430_18.1.4.LTS\lib\</path>
         <kind>archive</kind>
         <file>rts430x_sc_sd_eabi.lib</file>
         <name>boot.c.obj</name>
      </input_file>
      <input_file id="fl-76">
         <path>C:\ti\ccsv8\tools\compiler\ti-cgt-msp430_18.1.4.LTS\lib\</path>
         <kind>archive</kind>
         <file>rts430x_sc_sd_eabi.lib</file>
         <name>autoinit.c.obj</name>
      </input_file>
      <input_file id="fl-77">
         <path>C:\ti\ccsv8\tools\compiler\ti-cgt-msp430_18.1.4.LTS\lib\</path>
         <kind>archive</kind>
         <file>rts430x_sc_sd_eabi.lib</file>
         <name>copy_zero_init.c.obj</name>
      </input_file>
      <input_file id="fl-78">
         <path>C:\ti\ccsv8\tools\compiler\ti-cgt-msp430_18.1.4.LTS\lib\</path>
         <kind>archive</kind>
         <file>rts430x_sc_sd_eabi.lib</file>
         <name>cpy_tbl.c.obj</name>
      </input_file>
      <input_file id="fl-79">
         <path>C:\ti\ccsv8\tools\compiler\ti-cgt-msp430_18.1.4.LTS\lib\</path>
         <kind>archive</kind>
         <file>rts430x_sc_sd_eabi.lib</file>
         <name>mpu_init.c.obj</name>
      </input_file>
      <input_file id="fl-7a">
         <path>C:\ti\ccsv8\tools\compiler\ti-cgt-msp430_18.1.4.LTS\lib\</path>
         <kind>archive</kind>
         <file>rts430x_sc_sd_eabi.lib</file>
         <name>lsl64.c.obj</name>
      </input_file>
      <input_file id="fl-7b">
         <path>C:\ti\ccsv8\tools\compiler\ti-cgt-msp430_18.1.4.LTS\lib\</path>
         <kind>archive</kind>
         <file>rts430x_sc_sd_eabi.lib</file>
         <name>lsr64.c.obj</name>
      </input_file>
      <input_file id="fl-7c">
         <path>C:\ti\ccsv8\tools\compiler\ti-cgt-msp430_18.1.4.LTS\lib\</path>
         <kind>archive</kind>
         <file>rts430x_sc_sd_eabi.lib</file>
         <name>startup.c.obj</name>
      </input_file>
      <input_file id="fl-7d">
         <path>C:\ti\ccsv8\tools\compiler\ti-cgt-msp430_18.1.4.LTS\lib\</path>
         <kind>archive</kind>
         <file>rts430x_sc_sd_eabi.lib</file>
         <name>copy_decompress_none.c.obj</name>
      </input_file>
      <input_file id="fl-7e">
         <path>C:\ti\ccsv8\tools\compiler\ti-cgt-msp430_18.1.4.LTS\lib\</path>
         <kind>archive</kind>
         <file>rts430x_sc_sd_eabi.lib</file>
         <name>copy_decompress_lzss.c.obj</name>
      </input_file>
      <input_file id="fl-7f">
         <path>C:\ti\ccsv8\tools\compiler\ti-cgt-msp430_18.1.4.LTS\lib\</path>
         <kind>archive</kind>
         <file>rts430x_sc_sd_eabi.lib</file>
         <name>exit.c.obj</name>
      </input_file>
      <input_file id="fl-80">
         <path>C:\ti\ccsv8\tools\compiler\ti-cgt-msp430_18.1.4.LTS\lib\</path>
         <kind>archive</kind>
         <file>rts430x_sc_sd_eabi.lib</file>
         <name>_lock.c.obj</name>
      </input_file>
      <input_file id="fl-81">
         <path>C:\ti\ccsv8\tools\compiler\ti-cgt-msp430_18.1.4.LTS\lib\</path>
         <kind>archive</kind>
         <file>rts430x_sc_sd_eabi.lib</file>
         <name>args_main.c.obj</name>
      </input_file>
      <input_file id="fl-82">
         <path>C:\ti\ccsv8\tools\compiler\ti-cgt-msp430_18.1.4.LTS\lib\</path>
         <kind>archive</kind>
         <file>rts430x_sc_sd_eabi.lib</file>
         <name>memcmp.c.obj</name>
      </input_file>
      <input_file id="fl-83">
         <path>C:\ti\ccsv8\tools\compiler\ti-cgt-msp430_18.1.4.LTS\lib\</path>
         <kind>archive</kind>
         <file>rts430x_sc_sd_eabi.lib</file>
         <name>memcpy.c.obj</name>
      </input_file>
      <input_file id="fl-84">
         <path>C:\ti\ccsv8\tools\compiler\ti-cgt-msp430_18.1.4.LTS\lib\</path>
         <kind>archive</kind>
         <file>rts430x_sc_sd_eabi.lib</file>
         <name>abs.c.obj</name>
      </input_file>
      <input_file id="fl-85">
         <path>C:\ti\ccsv8\tools\compiler\ti-cgt-msp430_18.1.4.LTS\lib\</path>
         <kind>archive</kind>
         <file>rts430x_sc_sd_eabi.lib</file>
         <name>mult16.asm.obj</name>
      </input_file>
      <input_file id="fl-86">
         <path>C:\ti\ccsv8\tools\compiler\ti-cgt-msp430_18.1.4.LTS\lib\</path>
         <kind>archive</kind>
         <file>rts430x_sc_sd_eabi.lib</file>
         <name>exit_gvars.c.obj</name>
      </input_file>
   </input_file_list>
   <object_component_list>
      <object_component id="oc-7b0">
         <name>.cinit..data.load</name>
         <load_address>0xc400</load_address>
         <run_address>0xc400</run_address>
         <size>0x153</size>
      </object_component>
      <object_component id="oc-7ad">
         <name>__TI_handler_table</name>
         <load_address>0xc554</load_address>
         <run_address>0xc554</run_address>
         <size>0x6</size>
      </object_component>
      <object_component id="oc-7af">
         <name>.cinit..bss.load</name>
         <load_address>0xc55a</load_address>
         <run_address>0xc55a</run_address>
         <size>0x4</size>
      </object_component>
      <object_component id="oc-7ae">
         <name>__TI_cinit_table</name>
         <load_address>0xc55e</load_address>
         <run_address>0xc55e</run_address>
         <size>0x8</size>
      </object_component>
      <object_component id="oc-745">
         <name>.binit</name>
         <load_address>0xc566</load_address>
         <run_address>0xc566</run_address>
         <size>0x0</size>
      </object_component>
      <object_component id="oc-301">
         <name>.text:TRF79xxA_processIRQ</name>
         <load_address>0xc566</load_address>
         <run_address>0xc566</run_address>
         <size>0x276</size>
         <input_file_ref idref="fl-8"/>
      </object_component>
      <object_component id="oc-590">
         <name>.text:ISO14443A_runAnticollision</name>
         <load_address>0xc7dc</load_address>
         <run_address>0xc7dc</run_address>
         <size>0x220</size>
         <input_file_ref idref="fl-b"/>
      </object_component>
      <object_component id="oc-4c8">
         <name>.text:ISO14443A_selectTag</name>
         <load_address>0xc9fc</load_address>
         <run_address>0xc9fc</run_address>
         <size>0x1d2</size>
         <input_file_ref idref="fl-b"/>
      </object_component>
      <object_component id="oc-614">
         <name>.text:CAPT_calibrateGain</name>
         <load_address>0xcbce</load_address>
         <run_address>0xcbce</run_address>
         <size>0x1c8</size>
         <input_file_ref idref="fl-27"/>
      </object_component>
      <object_component id="oc-615">
         <name>.text:CAPT_calibrateOffset</name>
         <load_address>0xcd96</load_address>
         <run_address>0xcd96</run_address>
         <size>0x19e</size>
         <input_file_ref idref="fl-27"/>
      </object_component>
      <object_component id="oc-58a">
         <name>.text:ISO14443A_sendSelectCmd</name>
         <load_address>0xcf34</load_address>
         <run_address>0xcf34</run_address>
         <size>0x158</size>
         <input_file_ref idref="fl-b"/>
      </object_component>
      <object_component id="oc-57e">
         <name>.text:ISO14443A_sendAnticollisionCmd</name>
         <load_address>0xd08c</load_address>
         <run_address>0xd08c</run_address>
         <size>0x126</size>
         <input_file_ref idref="fl-b"/>
      </object_component>
      <object_component id="oc-566">
         <name>.text:CAPT_updateSensor</name>
         <load_address>0xd1b2</load_address>
         <run_address>0xd1b2</run_address>
         <size>0x108</size>
         <input_file_ref idref="fl-2a"/>
      </object_component>
      <object_component id="oc-31d">
         <name>.text:main</name>
         <load_address>0xd2ba</load_address>
         <run_address>0xd2ba</run_address>
         <size>0xc4</size>
         <input_file_ref idref="fl-3"/>
      </object_component>
      <object_component id="oc-584">
         <name>.text:ISO14443A_storeUID</name>
         <load_address>0xd37e</load_address>
         <run_address>0xd37e</run_address>
         <size>0xc2</size>
         <input_file_ref idref="fl-b"/>
      </object_component>
      <object_component id="oc-61f">
         <name>.text:TRF79xxA_writeRaw</name>
         <load_address>0xd440</load_address>
         <run_address>0xd440</run_address>
         <size>0xb8</size>
         <input_file_ref idref="fl-8"/>
      </object_component>
      <object_component id="oc-45b">
         <name>.text:CS_initFLL</name>
         <load_address>0xd4f8</load_address>
         <run_address>0xd4f8</run_address>
         <size>0xb6</size>
         <input_file_ref idref="fl-2e"/>
      </object_component>
      <object_component id="oc-45a">
         <name>.text:CS_initClockSignal</name>
         <load_address>0xd5ae</load_address>
         <run_address>0xd5ae</run_address>
         <size>0xb4</size>
         <input_file_ref idref="fl-2e"/>
      </object_component>
      <object_component id="oc-394">
         <name>.text:BSP_configureMCU</name>
         <load_address>0xd662</load_address>
         <run_address>0xd662</run_address>
         <size>0xa8</size>
         <input_file_ref idref="fl-17"/>
      </object_component>
      <object_component id="oc-4bc">
         <name>.text:TRF79xxA_setupInitiator</name>
         <load_address>0xd70a</load_address>
         <run_address>0xd70a</run_address>
         <size>0x8a</size>
         <input_file_ref idref="fl-8"/>
      </object_component>
      <object_component id="oc-578">
         <name>.text:ISO14443A_sendPollCmd</name>
         <load_address>0xd794</load_address>
         <run_address>0xd794</run_address>
         <size>0x86</size>
         <input_file_ref idref="fl-b"/>
      </object_component>
      <object_component id="oc-6b3">
         <name>.text:TRF79xxA_waitRxIRQ</name>
         <load_address>0xd81a</load_address>
         <run_address>0xd81a</run_address>
         <size>0x84</size>
         <input_file_ref idref="fl-8"/>
      </object_component>
      <object_component id="oc-569">
         <name>.text:CAPT_testForRecalibration</name>
         <load_address>0xd89e</load_address>
         <run_address>0xd89e</run_address>
         <size>0x70</size>
         <input_file_ref idref="fl-2a"/>
      </object_component>
      <object_component id="oc-468">
         <name>.text:TRF79xxA_initialSettings</name>
         <load_address>0xd90e</load_address>
         <run_address>0xd90e</run_address>
         <size>0x70</size>
         <input_file_ref idref="fl-8"/>
      </object_component>
      <object_component id="oc-69">
         <name>.text:decompress:lzss:__TI_decompress_lzss</name>
         <load_address>0xd97e</load_address>
         <run_address>0xd97e</run_address>
         <size>0x6e</size>
         <input_file_ref idref="fl-7e"/>
      </object_component>
      <object_component id="oc-4a8">
         <name>.text:CAPT_updateUI</name>
         <load_address>0xd9ec</load_address>
         <run_address>0xd9ec</run_address>
         <size>0x60</size>
         <input_file_ref idref="fl-10"/>
      </object_component>
      <object_component id="oc-617">
         <name>.text:CAPT_processSensor</name>
         <load_address>0xda4c</load_address>
         <run_address>0xda4c</run_address>
         <size>0x5e</size>
         <input_file_ref idref="fl-2a"/>
      </object_component>
      <object_component id="oc-616">
         <name>.text:CAPT_processFSMCycle</name>
         <load_address>0xdaaa</load_address>
         <run_address>0xdaaa</run_address>
         <size>0x5c</size>
         <input_file_ref idref="fl-2a"/>
      </object_component>
      <object_component id="oc-54a">
         <name>.text:ISO14443A_init</name>
         <load_address>0xdb06</load_address>
         <run_address>0xdb06</run_address>
         <size>0x58</size>
         <input_file_ref idref="fl-b"/>
      </object_component>
      <object_component id="oc-69d">
         <name>.text:CAPT_updateSensorNoise</name>
         <load_address>0xdb5e</load_address>
         <run_address>0xdb5e</run_address>
         <size>0x56</size>
         <input_file_ref idref="fl-2a"/>
      </object_component>
      <object_component id="oc-6ad">
         <name>.text:TRF79xxA_waitTxIRQ</name>
         <load_address>0xdbb4</load_address>
         <run_address>0xdbb4</run_address>
         <size>0x56</size>
         <input_file_ref idref="fl-8"/>
      </object_component>
      <object_component id="oc-416">
         <name>.text:__TI_auto_init_nobinit_nopinit_hold_wdt:__TI_auto_init_nobinit_nopinit_hold_wdt</name>
         <load_address>0xdc0a</load_address>
         <run_address>0xdc0a</run_address>
         <size>0x52</size>
         <input_file_ref idref="fl-76"/>
      </object_component>
      <object_component id="oc-3a0">
         <name>.text:nfcInit</name>
         <load_address>0xdc5c</load_address>
         <run_address>0xdc5c</run_address>
         <size>0x52</size>
         <input_file_ref idref="fl-6"/>
      </object_component>
      <object_component id="oc-3df">
         <name>.text:storeTag</name>
         <load_address>0xdcae</load_address>
         <run_address>0xdcae</run_address>
         <size>0x50</size>
         <input_file_ref idref="fl-6"/>
      </object_component>
      <object_component id="oc-69f">
         <name>.text:CAPT_preProcessSlider</name>
         <load_address>0xdcfe</load_address>
         <run_address>0xdcfe</run_address>
         <size>0x4e</size>
         <input_file_ref idref="fl-2a"/>
      </object_component>
      <object_component id="oc-369">
         <name>.text:TRF79xxA_reset</name>
         <load_address>0xdd4c</load_address>
         <run_address>0xdd4c</run_address>
         <size>0x4c</size>
         <input_file_ref idref="fl-8"/>
      </object_component>
      <object_component id="oc-47a">
         <name>.text:checkComms</name>
         <load_address>0xdd98</load_address>
         <run_address>0xdd98</run_address>
         <size>0x4a</size>
         <input_file_ref idref="fl-6"/>
      </object_component>
      <object_component id="oc-702">
         <name>.text:CAPT_flagAllElementsForReseed</name>
         <load_address>0xdde2</load_address>
         <run_address>0xdde2</run_address>
         <size>0x48</size>
         <input_file_ref idref="fl-2a"/>
      </object_component>
      <object_component id="oc-61a">
         <name>.text:CAPT_loadCycle</name>
         <load_address>0xde2a</load_address>
         <run_address>0xde2a</run_address>
         <size>0x48</size>
         <input_file_ref idref="fl-2a"/>
      </object_component>
      <object_component id="oc-625">
         <name>.text:TRF79xxA_waitRxData</name>
         <load_address>0xde72</load_address>
         <run_address>0xde72</run_address>
         <size>0x48</size>
         <input_file_ref idref="fl-8"/>
      </object_component>
      <object_component id="oc-53b">
         <name>.text:addKeyPressAndCompare</name>
         <load_address>0xdeba</load_address>
         <run_address>0xdeba</run_address>
         <size>0x46</size>
         <input_file_ref idref="fl-2"/>
      </object_component>
      <object_component id="oc-3b8">
         <name>.text:NFC_Find14443A</name>
         <load_address>0xdf00</load_address>
         <run_address>0xdf00</run_address>
         <size>0x42</size>
         <input_file_ref idref="fl-f"/>
      </object_component>
      <object_component id="oc-28c">
         <name>.text:TRF79xxA_irqHandler</name>
         <load_address>0xdf42</load_address>
         <run_address>0xdf42</run_address>
         <size>0x42</size>
         <input_file_ref idref="fl-8"/>
      </object_component>
      <object_component id="oc-3cd">
         <name>.text:tagPermitted</name>
         <load_address>0xdf84</load_address>
         <run_address>0xdf84</run_address>
         <size>0x42</size>
         <input_file_ref idref="fl-6"/>
      </object_component>
      <object_component id="oc-286">
         <name>.text:CAPT_ISR</name>
         <load_address>0xdfc6</load_address>
         <run_address>0xdfc6</run_address>
         <size>0x40</size>
         <input_file_ref idref="fl-11"/>
      </object_component>
      <object_component id="oc-494">
         <name>.text:CAPT_initUI</name>
         <load_address>0xe006</load_address>
         <run_address>0xe006</run_address>
         <size>0x40</size>
         <input_file_ref idref="fl-10"/>
      </object_component>
      <object_component id="oc-619">
         <name>.text:CAPT_unloadCycle</name>
         <load_address>0xe046</load_address>
         <run_address>0xe046</run_address>
         <size>0x3e</size>
         <input_file_ref idref="fl-2a"/>
      </object_component>
      <object_component id="oc-459">
         <name>.text:CS_turnOnXT1LFWithTimeout</name>
         <load_address>0xe084</load_address>
         <run_address>0xe084</run_address>
         <size>0x3e</size>
         <input_file_ref idref="fl-2e"/>
      </object_component>
      <object_component id="oc-3a9">
         <name>.text:CAPT_appStart</name>
         <load_address>0xe0c2</load_address>
         <run_address>0xe0c2</run_address>
         <size>0x3c</size>
         <input_file_ref idref="fl-16"/>
      </object_component>
      <object_component id="oc-378">
         <name>.text:SPI_readCont</name>
         <load_address>0xe0fe</load_address>
         <run_address>0xe0fe</run_address>
         <size>0x3a</size>
         <input_file_ref idref="fl-7"/>
      </object_component>
      <object_component id="oc-69e">
         <name>.text:CAPT_updateSensorTimeout</name>
         <load_address>0xe138</load_address>
         <run_address>0xe138</run_address>
         <size>0x36</size>
         <input_file_ref idref="fl-2a"/>
      </object_component>
      <object_component id="oc-6a0">
         <name>.text:SPI_rawWrite</name>
         <load_address>0xe16e</load_address>
         <run_address>0xe16e</run_address>
         <size>0x36</size>
         <input_file_ref idref="fl-7"/>
      </object_component>
      <object_component id="oc-4b6">
         <name>.text:TRF79xxA_checkExternalRfField</name>
         <load_address>0xe1a4</load_address>
         <run_address>0xe1a4</run_address>
         <size>0x36</size>
         <input_file_ref idref="fl-8"/>
      </object_component>
      <object_component id="oc-461">
         <name>.text:numericKeypadHandler</name>
         <load_address>0xe1da</load_address>
         <run_address>0xe1da</run_address>
         <size>0x36</size>
         <input_file_ref idref="fl-2"/>
      </object_component>
      <object_component id="oc-44a">
         <name>.text:TRF79xxA_writeRegister</name>
         <load_address>0xe210</load_address>
         <run_address>0xe210</run_address>
         <size>0x34</size>
         <input_file_ref idref="fl-8"/>
      </object_component>
      <object_component id="oc-297">
         <name>.text:TRF79xxA_timerHandler</name>
         <load_address>0xe244</load_address>
         <run_address>0xe244</run_address>
         <size>0x30</size>
         <input_file_ref idref="fl-8"/>
      </object_component>
      <object_component id="oc-3eb">
         <name>.text:CAPT_appSleep</name>
         <load_address>0xe274</load_address>
         <run_address>0xe274</run_address>
         <size>0x2e</size>
         <input_file_ref idref="fl-16"/>
      </object_component>
      <object_component id="oc-69c">
         <name>.text:CAPT_startConversionAndWaitUntilDone</name>
         <load_address>0xe2a2</load_address>
         <run_address>0xe2a2</run_address>
         <size>0x2e</size>
         <input_file_ref idref="fl-2a"/>
      </object_component>
      <object_component id="oc-601">
         <name>.text:SPI_usciSet</name>
         <load_address>0xe2d0</load_address>
         <run_address>0xe2d0</run_address>
         <size>0x2c</size>
         <input_file_ref idref="fl-7"/>
      </object_component>
      <object_component id="oc-3b2">
         <name>.text:CAPT_appHandler</name>
         <load_address>0xe2fc</load_address>
         <run_address>0xe2fc</run_address>
         <size>0x2a</size>
         <input_file_ref idref="fl-16"/>
      </object_component>
      <object_component id="oc-35c">
         <name>.text:SPI_readSingle</name>
         <load_address>0xe326</load_address>
         <run_address>0xe326</run_address>
         <size>0x28</size>
         <input_file_ref idref="fl-7"/>
      </object_component>
      <object_component id="oc-618">
         <name>.text:CAPT_blockOnFlag</name>
         <load_address>0xe34e</load_address>
         <run_address>0xe34e</run_address>
         <size>0x26</size>
         <input_file_ref idref="fl-2a"/>
      </object_component>
      <object_component id="oc-4ae">
         <name>.text:CAPT_getGlobalUIProximityStatus</name>
         <load_address>0xe374</load_address>
         <run_address>0xe374</run_address>
         <size>0x24</size>
         <input_file_ref idref="fl-10"/>
      </object_component>
      <object_component id="oc-564">
         <name>.text:CAPT_calibrateSensor</name>
         <load_address>0xe398</load_address>
         <run_address>0xe398</run_address>
         <size>0x22</size>
         <input_file_ref idref="fl-27"/>
      </object_component>
      <object_component id="oc-444">
         <name>.text:MCU_delayMillisecond</name>
         <load_address>0xe3ba</load_address>
         <run_address>0xe3ba</run_address>
         <size>0x22</size>
         <input_file_ref idref="fl-5"/>
      </object_component>
      <object_component id="oc-4e1">
         <name>.text:memcmp</name>
         <load_address>0xe3dc</load_address>
         <run_address>0xe3dc</run_address>
         <size>0x22</size>
         <input_file_ref idref="fl-82"/>
      </object_component>
      <object_component id="oc-49a">
         <name>.text:CAPT_calibrateUI</name>
         <load_address>0xe3fe</load_address>
         <run_address>0xe3fe</run_address>
         <size>0x20</size>
         <input_file_ref idref="fl-10"/>
      </object_component>
      <object_component id="oc-567">
         <name>.text:CAPT_testForMaxCountRecalibration</name>
         <load_address>0xe41e</load_address>
         <run_address>0xe41e</run_address>
         <size>0x20</size>
         <input_file_ref idref="fl-2a"/>
      </object_component>
      <object_component id="oc-45c">
         <name>.text:CS_clearAllOscFlagsWithTimeout</name>
         <load_address>0xe43e</load_address>
         <run_address>0xe43e</run_address>
         <size>0x1e</size>
         <input_file_ref idref="fl-2e"/>
      </object_component>
      <object_component id="oc-527">
         <name>.text:SPI_writeSingle</name>
         <load_address>0xe45c</load_address>
         <run_address>0xe45c</run_address>
         <size>0x1e</size>
         <input_file_ref idref="fl-7"/>
      </object_component>
      <object_component id="oc-2af">
         <name>.text:_c_int00_noargs</name>
         <load_address>0xe47a</load_address>
         <run_address>0xe47a</run_address>
         <size>0x1c</size>
         <input_file_ref idref="fl-75"/>
      </object_component>
      <object_component id="oc-560">
         <name>.text:CAPT_init</name>
         <load_address>0xe496</load_address>
         <run_address>0xe496</run_address>
         <size>0x1a</size>
         <input_file_ref idref="fl-29"/>
      </object_component>
      <object_component id="oc-6a6">
         <name>.text:MCU_setCounter</name>
         <load_address>0xe4b0</load_address>
         <run_address>0xe4b0</run_address>
         <size>0x1a</size>
         <input_file_ref idref="fl-5"/>
      </object_component>
      <object_component id="oc-36f">
         <name>.text:TRF79xxA_resetIrqStatus</name>
         <load_address>0xe4ca</load_address>
         <run_address>0xe4ca</run_address>
         <size>0x1a</size>
         <input_file_ref idref="fl-8"/>
      </object_component>
      <object_component id="oc-568">
         <name>.text:CAPT_testForNegativeTouchRecalibration</name>
         <load_address>0xe4e4</load_address>
         <run_address>0xe4e4</run_address>
         <size>0x18</size>
         <input_file_ref idref="fl-2a"/>
      </object_component>
      <object_component id="oc-480">
         <name>.text:clearTags</name>
         <load_address>0xe4fc</load_address>
         <run_address>0xe4fc</run_address>
         <size>0x18</size>
         <input_file_ref idref="fl-6"/>
      </object_component>
      <object_component id="oc-457">
         <name>.text:FRAMCtl_configureWaitStateControl</name>
         <load_address>0xe514</load_address>
         <run_address>0xe514</run_address>
         <size>0x16</size>
         <input_file_ref idref="fl-2f"/>
      </object_component>
      <object_component id="oc-363">
         <name>.text:SPI_directCommand</name>
         <load_address>0xe52a</load_address>
         <run_address>0xe52a</run_address>
         <size>0x16</size>
         <input_file_ref idref="fl-7"/>
      </object_component>
      <object_component id="oc-3d9">
         <name>.text:openDoor</name>
         <load_address>0xe540</load_address>
         <run_address>0xe540</run_address>
         <size>0x16</size>
         <input_file_ref idref="fl-3"/>
      </object_component>
      <object_component id="oc-2fb">
         <name>.text:TRF79xxA_readIrqStatus</name>
         <load_address>0xe556</load_address>
         <run_address>0xe556</run_address>
         <size>0x14</size>
         <input_file_ref idref="fl-8"/>
      </object_component>
      <object_component id="oc-56d">
         <name>.text:TRF79xxA_turnRfOn</name>
         <load_address>0xe56a</load_address>
         <run_address>0xe56a</run_address>
         <size>0x14</size>
         <input_file_ref idref="fl-8"/>
      </object_component>
      <object_component id="oc-29d">
         <name>.text:decompress:ZI:__TI_zero_init_nomemset:__TI_zero_init_nomemset</name>
         <load_address>0xe57e</load_address>
         <run_address>0xe57e</run_address>
         <size>0x14</size>
         <input_file_ref idref="fl-77"/>
      </object_component>
      <object_component id="oc-43b">
         <name>.text:SPI_receiveByte</name>
         <load_address>0xe592</load_address>
         <run_address>0xe592</run_address>
         <size>0x12</size>
         <input_file_ref idref="fl-7"/>
      </object_component>
      <object_component id="oc-542">
         <name>.text:SPI_setup</name>
         <load_address>0xe5a4</load_address>
         <run_address>0xe5a4</run_address>
         <size>0x12</size>
         <input_file_ref idref="fl-7"/>
      </object_component>
      <object_component id="oc-37e">
         <name>.text:TRF79xxA_readRegister</name>
         <load_address>0xe5b6</load_address>
         <run_address>0xe5b6</run_address>
         <size>0x12</size>
         <input_file_ref idref="fl-8"/>
      </object_component>
      <object_component id="oc-6f">
         <name>.text:decompress:none:__TI_decompress_none</name>
         <load_address>0xe5c8</load_address>
         <run_address>0xe5c8</run_address>
         <size>0x12</size>
         <input_file_ref idref="fl-7d"/>
      </object_component>
      <object_component id="oc-279">
         <name>.text:memcpy</name>
         <load_address>0xe5da</load_address>
         <run_address>0xe5da</run_address>
         <size>0x12</size>
         <input_file_ref idref="fl-83"/>
      </object_component>
      <object_component id="oc-4ce">
         <name>.text:TRF79xxA_turnRfOff</name>
         <load_address>0xe5ec</load_address>
         <run_address>0xe5ec</run_address>
         <size>0x10</size>
         <input_file_ref idref="fl-8"/>
      </object_component>
      <object_component id="oc-3d3">
         <name>.text:showFail</name>
         <load_address>0xe5fc</load_address>
         <run_address>0xe5fc</run_address>
         <size>0x10</size>
         <input_file_ref idref="fl-3"/>
      </object_component>
      <object_component id="oc-561">
         <name>.text:CAPT_initSensor</name>
         <load_address>0xe60c</load_address>
         <run_address>0xe60c</run_address>
         <size>0xe</size>
         <input_file_ref idref="fl-2a"/>
      </object_component>
      <object_component id="oc-435">
         <name>.text:SPI_sendByte</name>
         <load_address>0xe61a</load_address>
         <run_address>0xe61a</run_address>
         <size>0xe</size>
         <input_file_ref idref="fl-7"/>
      </object_component>
      <object_component id="oc-39a">
         <name>.text:capTouchInit</name>
         <load_address>0xe628</load_address>
         <run_address>0xe628</run_address>
         <size>0xe</size>
         <input_file_ref idref="fl-2"/>
      </object_component>
      <object_component id="oc-474">
         <name>.text:NFC_init</name>
         <load_address>0xe636</load_address>
         <run_address>0xe636</run_address>
         <size>0xc</size>
         <input_file_ref idref="fl-f"/>
      </object_component>
      <object_component id="oc-3e5">
         <name>.text:stateActive</name>
         <load_address>0xe642</load_address>
         <run_address>0xe642</run_address>
         <size>0xc</size>
         <input_file_ref idref="fl-3"/>
      </object_component>
      <object_component id="oc-458">
         <name>.text:CS_setExternalClockSource</name>
         <load_address>0xe64e</load_address>
         <run_address>0xe64e</run_address>
         <size>0xa</size>
         <input_file_ref idref="fl-2e"/>
      </object_component>
      <object_component id="oc-385">
         <name>.text:TRF79xxA_resetFIFO</name>
         <load_address>0xe658</load_address>
         <run_address>0xe658</run_address>
         <size>0xa</size>
         <input_file_ref idref="fl-8"/>
      </object_component>
      <object_component id="oc-317">
         <name>.text:_system_pre_init</name>
         <load_address>0xe662</load_address>
         <run_address>0xe662</run_address>
         <size>0xa</size>
         <input_file_ref idref="fl-17"/>
      </object_component>
      <object_component id="oc-63b">
         <name>.text</name>
         <load_address>0xe66c</load_address>
         <run_address>0xe66c</run_address>
         <size>0xa</size>
         <input_file_ref idref="fl-69"/>
      </object_component>
      <object_component id="oc-292">
         <name>.text:_isr:__TI_ISR_TRAP</name>
         <load_address>0xe676</load_address>
         <run_address>0xe676</run_address>
         <size>0x8</size>
         <input_file_ref idref="fl-68"/>
      </object_component>
      <object_component id="oc-61b">
         <name>.text:CAPT_clearIFG</name>
         <load_address>0xe67e</load_address>
         <run_address>0xe67e</run_address>
         <size>0x6</size>
         <input_file_ref idref="fl-29"/>
      </object_component>
      <object_component id="oc-2ef">
         <name>.text:CAPT_getInterruptVector</name>
         <load_address>0xe684</load_address>
         <run_address>0xe684</run_address>
         <size>0x6</size>
         <input_file_ref idref="fl-29"/>
      </object_component>
      <object_component id="oc-3c6">
         <name>.text:ISO14443A_getUid</name>
         <load_address>0xe68a</load_address>
         <run_address>0xe68a</run_address>
         <size>0x6</size>
         <input_file_ref idref="fl-b"/>
      </object_component>
      <object_component id="oc-3bf">
         <name>.text:ISO14443A_getUidSize</name>
         <load_address>0xe690</load_address>
         <run_address>0xe690</run_address>
         <size>0x6</size>
         <input_file_ref idref="fl-b"/>
      </object_component>
      <object_component id="oc-4c2">
         <name>.text:ISO14443A_setRecursionCount</name>
         <load_address>0xe696</load_address>
         <run_address>0xe696</run_address>
         <size>0x6</size>
         <input_file_ref idref="fl-b"/>
      </object_component>
      <object_component id="oc-550">
         <name>.text:NDEF_setBlockNumberBit</name>
         <load_address>0xe69c</load_address>
         <run_address>0xe69c</run_address>
         <size>0x6</size>
         <input_file_ref idref="fl-e"/>
      </object_component>
      <object_component id="oc-635">
         <name>.text:TRF79xxA_getCollisionPosition</name>
         <load_address>0xe6a2</load_address>
         <run_address>0xe6a2</run_address>
         <size>0x6</size>
         <input_file_ref idref="fl-8"/>
      </object_component>
      <object_component id="oc-62c">
         <name>.text:TRF79xxA_getRxBytesReceived</name>
         <load_address>0xe6a8</load_address>
         <run_address>0xe6a8</run_address>
         <size>0x6</size>
         <input_file_ref idref="fl-8"/>
      </object_component>
      <object_component id="oc-46e">
         <name>.text:TRF79xxA_setTrfPowerSetting</name>
         <load_address>0xe6ae</load_address>
         <run_address>0xe6ae</run_address>
         <size>0x6</size>
         <input_file_ref idref="fl-8"/>
      </object_component>
      <object_component id="oc-3f2">
         <name>.text:abort</name>
         <load_address>0xe6b4</load_address>
         <run_address>0xe6b4</run_address>
         <size>0x6</size>
         <input_file_ref idref="fl-7f"/>
      </object_component>
      <object_component id="oc-4ff">
         <name>.text:_system_post_cinit</name>
         <load_address>0xe6ba</load_address>
         <run_address>0xe6ba</run_address>
         <size>0x2</size>
         <input_file_ref idref="fl-7c"/>
      </object_component>
      <object_component id="oc-2f8">
         <name>.bss</name>
         <uninitialized>true</uninitialized>
         <run_address>0x22f0</run_address>
         <size>0x8</size>
         <input_file_ref idref="fl-8"/>
      </object_component>
      <object_component id="oc-375">
         <name>.bss:g_eTrfGeneralSettings</name>
         <uninitialized>true</uninitialized>
         <run_address>0x2306</run_address>
         <size>0x4</size>
         <input_file_ref idref="fl-8"/>
      </object_component>
      <object_component id="oc-4d5">
         <name>.bss</name>
         <uninitialized>true</uninitialized>
         <run_address>0x22d8</run_address>
         <size>0xd</size>
         <input_file_ref idref="fl-b"/>
      </object_component>
      <object_component id="oc-4d9">
         <name>.bss:g_pui8CompleteUid</name>
         <uninitialized>true</uninitialized>
         <run_address>0x22e6</run_address>
         <size>0xa</size>
         <input_file_ref idref="fl-b"/>
      </object_component>
      <object_component id="oc-575">
         <name>.bss:g_pui8PartialUid</name>
         <uninitialized>true</uninitialized>
         <run_address>0x2300</run_address>
         <size>0x6</size>
         <input_file_ref idref="fl-b"/>
      </object_component>
      <object_component id="oc-609">
         <name>.bss</name>
         <uninitialized>true</uninitialized>
         <run_address>0x233e</run_address>
         <size>0x3</size>
         <input_file_ref idref="fl-e"/>
      </object_component>
      <object_component id="oc-537">
         <name>.common:button</name>
         <uninitialized>true</uninitialized>
         <run_address>0x2342</run_address>
         <size>0x2</size>
      </object_component>
      <object_component id="oc-3c5">
         <name>.common:uidSize</name>
         <uninitialized>true</uninitialized>
         <run_address>0x2360</run_address>
         <size>0x2</size>
      </object_component>
      <object_component id="oc-3cc">
         <name>.common:uid</name>
         <uninitialized>true</uninitialized>
         <run_address>0x235e</run_address>
         <size>0x2</size>
      </object_component>
      <object_component id="oc-3be">
         <name>.common:nfcStatus</name>
         <uninitialized>true</uninitialized>
         <run_address>0x2366</run_address>
         <size>0x1</size>
      </object_component>
      <object_component id="oc-3a6">
         <name>.common:nfcDuty</name>
         <uninitialized>true</uninitialized>
         <run_address>0x2365</run_address>
         <size>0x1</size>
      </object_component>
      <object_component id="oc-4de">
         <name>.common:validTags</name>
         <uninitialized>true</uninitialized>
         <run_address>0x2288</run_address>
         <size>0x50</size>
      </object_component>
      <object_component id="oc-384">
         <name>.common:g_pui8TrfBuffer</name>
         <uninitialized>true</uninitialized>
         <run_address>0x2224</run_address>
         <size>0x64</size>
      </object_component>
      <object_component id="oc-2f6">
         <name>.common:g_bEndOfConversionFlag</name>
         <uninitialized>true</uninitialized>
         <run_address>0x2363</run_address>
         <size>0x1</size>
      </object_component>
      <object_component id="oc-2f5">
         <name>.common:g_bDetectionFlag</name>
         <uninitialized>true</uninitialized>
         <run_address>0x2362</run_address>
         <size>0x1</size>
      </object_component>
      <object_component id="oc-2f4">
         <name>.common:g_bConvTimerFlag</name>
         <uninitialized>true</uninitialized>
         <run_address>0x2341</run_address>
         <size>0x1</size>
      </object_component>
      <object_component id="oc-2f3">
         <name>.common:g_bConvCounterFlag</name>
         <uninitialized>true</uninitialized>
         <run_address>0x22e5</run_address>
         <size>0x1</size>
      </object_component>
      <object_component id="oc-2f0">
         <name>.common:g_bMaxCountErrorFlag</name>
         <uninitialized>true</uninitialized>
         <run_address>0x2364</run_address>
         <size>0x1</size>
      </object_component>
      <object_component id="oc-708">
         <name>.common:numericKeypad_E00_RawCnts</name>
         <uninitialized>true</uninitialized>
         <run_address>0x2344</run_address>
         <size>0x2</size>
      </object_component>
      <object_component id="oc-707">
         <name>.common:numericKeypad_E00_Tuning</name>
         <uninitialized>true</uninitialized>
         <run_address>0x230a</run_address>
         <size>0x4</size>
      </object_component>
      <object_component id="oc-70c">
         <name>.common:numericKeypad_E01_RawCnts</name>
         <uninitialized>true</uninitialized>
         <run_address>0x2346</run_address>
         <size>0x2</size>
      </object_component>
      <object_component id="oc-70b">
         <name>.common:numericKeypad_E01_Tuning</name>
         <uninitialized>true</uninitialized>
         <run_address>0x230e</run_address>
         <size>0x4</size>
      </object_component>
      <object_component id="oc-710">
         <name>.common:numericKeypad_E02_RawCnts</name>
         <uninitialized>true</uninitialized>
         <run_address>0x2348</run_address>
         <size>0x2</size>
      </object_component>
      <object_component id="oc-70f">
         <name>.common:numericKeypad_E02_Tuning</name>
         <uninitialized>true</uninitialized>
         <run_address>0x2312</run_address>
         <size>0x4</size>
      </object_component>
      <object_component id="oc-714">
         <name>.common:numericKeypad_E03_RawCnts</name>
         <uninitialized>true</uninitialized>
         <run_address>0x234a</run_address>
         <size>0x2</size>
      </object_component>
      <object_component id="oc-713">
         <name>.common:numericKeypad_E03_Tuning</name>
         <uninitialized>true</uninitialized>
         <run_address>0x2316</run_address>
         <size>0x4</size>
      </object_component>
      <object_component id="oc-718">
         <name>.common:numericKeypad_E04_RawCnts</name>
         <uninitialized>true</uninitialized>
         <run_address>0x234c</run_address>
         <size>0x2</size>
      </object_component>
      <object_component id="oc-717">
         <name>.common:numericKeypad_E04_Tuning</name>
         <uninitialized>true</uninitialized>
         <run_address>0x231a</run_address>
         <size>0x4</size>
      </object_component>
      <object_component id="oc-71c">
         <name>.common:numericKeypad_E05_RawCnts</name>
         <uninitialized>true</uninitialized>
         <run_address>0x234e</run_address>
         <size>0x2</size>
      </object_component>
      <object_component id="oc-71b">
         <name>.common:numericKeypad_E05_Tuning</name>
         <uninitialized>true</uninitialized>
         <run_address>0x231e</run_address>
         <size>0x4</size>
      </object_component>
      <object_component id="oc-720">
         <name>.common:numericKeypad_E06_RawCnts</name>
         <uninitialized>true</uninitialized>
         <run_address>0x2350</run_address>
         <size>0x2</size>
      </object_component>
      <object_component id="oc-71f">
         <name>.common:numericKeypad_E06_Tuning</name>
         <uninitialized>true</uninitialized>
         <run_address>0x2322</run_address>
         <size>0x4</size>
      </object_component>
      <object_component id="oc-724">
         <name>.common:numericKeypad_E07_RawCnts</name>
         <uninitialized>true</uninitialized>
         <run_address>0x2352</run_address>
         <size>0x2</size>
      </object_component>
      <object_component id="oc-723">
         <name>.common:numericKeypad_E07_Tuning</name>
         <uninitialized>true</uninitialized>
         <run_address>0x2326</run_address>
         <size>0x4</size>
      </object_component>
      <object_component id="oc-728">
         <name>.common:numericKeypad_E08_RawCnts</name>
         <uninitialized>true</uninitialized>
         <run_address>0x2354</run_address>
         <size>0x2</size>
      </object_component>
      <object_component id="oc-727">
         <name>.common:numericKeypad_E08_Tuning</name>
         <uninitialized>true</uninitialized>
         <run_address>0x232a</run_address>
         <size>0x4</size>
      </object_component>
      <object_component id="oc-72c">
         <name>.common:numericKeypad_E09_RawCnts</name>
         <uninitialized>true</uninitialized>
         <run_address>0x2356</run_address>
         <size>0x2</size>
      </object_component>
      <object_component id="oc-72b">
         <name>.common:numericKeypad_E09_Tuning</name>
         <uninitialized>true</uninitialized>
         <run_address>0x232e</run_address>
         <size>0x4</size>
      </object_component>
      <object_component id="oc-730">
         <name>.common:numericKeypad_E10_RawCnts</name>
         <uninitialized>true</uninitialized>
         <run_address>0x2358</run_address>
         <size>0x2</size>
      </object_component>
      <object_component id="oc-72f">
         <name>.common:numericKeypad_E10_Tuning</name>
         <uninitialized>true</uninitialized>
         <run_address>0x2332</run_address>
         <size>0x4</size>
      </object_component>
      <object_component id="oc-734">
         <name>.common:numericKeypad_E11_RawCnts</name>
         <uninitialized>true</uninitialized>
         <run_address>0x235a</run_address>
         <size>0x2</size>
      </object_component>
      <object_component id="oc-733">
         <name>.common:numericKeypad_E11_Tuning</name>
         <uninitialized>true</uninitialized>
         <run_address>0x2336</run_address>
         <size>0x4</size>
      </object_component>
      <object_component id="oc-742">
         <name>.common:proximityAndGuard_E00_RawCnts</name>
         <uninitialized>true</uninitialized>
         <run_address>0x235c</run_address>
         <size>0x2</size>
      </object_component>
      <object_component id="oc-741">
         <name>.common:proximityAndGuard_E00_Tuning</name>
         <uninitialized>true</uninitialized>
         <run_address>0x233a</run_address>
         <size>0x4</size>
      </object_component>
      <object_component id="oc-532">
         <name>.common:numericKeypad_Params</name>
         <uninitialized>true</uninitialized>
         <run_address>0x22f8</run_address>
         <size>0x8</size>
      </object_component>
      <object_component id="oc-5fa">
         <name>.data:entry</name>
         <load_address>0x218c</load_address>
         <run_address>0x218c</run_address>
         <size>0x10</size>
         <input_file_ref idref="fl-2"/>
      </object_component>
      <object_component id="oc-5fd">
         <name>.data:passcodeReversed</name>
         <load_address>0x21b8</load_address>
         <run_address>0x21b8</run_address>
         <size>0x8</size>
         <input_file_ref idref="fl-2"/>
      </object_component>
      <object_component id="oc-538">
         <name>.data:keys</name>
         <load_address>0x21aa</load_address>
         <run_address>0x21aa</run_address>
         <size>0xd</size>
         <input_file_ref idref="fl-2"/>
      </object_component>
      <object_component id="oc-3af">
         <name>.data</name>
         <load_address>0x21c7</load_address>
         <run_address>0x21c7</run_address>
         <size>0x1</size>
         <input_file_ref idref="fl-3"/>
      </object_component>
      <object_component id="oc-486">
         <name>.data:fredTag</name>
         <load_address>0x21c0</load_address>
         <run_address>0x21c0</run_address>
         <size>0x7</size>
         <input_file_ref idref="fl-6"/>
      </object_component>
      <object_component id="oc-4b4">
         <name>.data</name>
         <load_address>0x21b7</load_address>
         <run_address>0x21b7</run_address>
         <size>0x1</size>
         <input_file_ref idref="fl-16"/>
      </object_component>
      <object_component id="oc-6bd">
         <name>.data:numericKeypad_E00</name>
         <load_address>0x2054</load_address>
         <run_address>0x2054</run_address>
         <size>0x18</size>
         <input_file_ref idref="fl-18"/>
      </object_component>
      <object_component id="oc-6c2">
         <name>.data:numericKeypad_E01</name>
         <load_address>0x206c</load_address>
         <run_address>0x206c</run_address>
         <size>0x18</size>
         <input_file_ref idref="fl-18"/>
      </object_component>
      <object_component id="oc-6c7">
         <name>.data:numericKeypad_E02</name>
         <load_address>0x2084</load_address>
         <run_address>0x2084</run_address>
         <size>0x18</size>
         <input_file_ref idref="fl-18"/>
      </object_component>
      <object_component id="oc-6cc">
         <name>.data:numericKeypad_E03</name>
         <load_address>0x209c</load_address>
         <run_address>0x209c</run_address>
         <size>0x18</size>
         <input_file_ref idref="fl-18"/>
      </object_component>
      <object_component id="oc-6d1">
         <name>.data:numericKeypad_E04</name>
         <load_address>0x20b4</load_address>
         <run_address>0x20b4</run_address>
         <size>0x18</size>
         <input_file_ref idref="fl-18"/>
      </object_component>
      <object_component id="oc-6d6">
         <name>.data:numericKeypad_E05</name>
         <load_address>0x20cc</load_address>
         <run_address>0x20cc</run_address>
         <size>0x18</size>
         <input_file_ref idref="fl-18"/>
      </object_component>
      <object_component id="oc-6db">
         <name>.data:numericKeypad_E06</name>
         <load_address>0x20e4</load_address>
         <run_address>0x20e4</run_address>
         <size>0x18</size>
         <input_file_ref idref="fl-18"/>
      </object_component>
      <object_component id="oc-6e0">
         <name>.data:numericKeypad_E07</name>
         <load_address>0x20fc</load_address>
         <run_address>0x20fc</run_address>
         <size>0x18</size>
         <input_file_ref idref="fl-18"/>
      </object_component>
      <object_component id="oc-6e5">
         <name>.data:numericKeypad_E08</name>
         <load_address>0x2114</load_address>
         <run_address>0x2114</run_address>
         <size>0x18</size>
         <input_file_ref idref="fl-18"/>
      </object_component>
      <object_component id="oc-6ea">
         <name>.data:numericKeypad_E09</name>
         <load_address>0x212c</load_address>
         <run_address>0x212c</run_address>
         <size>0x18</size>
         <input_file_ref idref="fl-18"/>
      </object_component>
      <object_component id="oc-6ef">
         <name>.data:numericKeypad_E10</name>
         <load_address>0x2144</load_address>
         <run_address>0x2144</run_address>
         <size>0x18</size>
         <input_file_ref idref="fl-18"/>
      </object_component>
      <object_component id="oc-6f4">
         <name>.data:numericKeypad_E11</name>
         <load_address>0x215c</load_address>
         <run_address>0x215c</run_address>
         <size>0x18</size>
         <input_file_ref idref="fl-18"/>
      </object_component>
      <object_component id="oc-73c">
         <name>.data:proximityAndGuard_E00</name>
         <load_address>0x2174</load_address>
         <run_address>0x2174</run_address>
         <size>0x18</size>
         <input_file_ref idref="fl-18"/>
      </object_component>
      <object_component id="oc-650">
         <name>.data:numericKeypad_C00_Elements</name>
         <load_address>0x2208</load_address>
         <run_address>0x2208</run_address>
         <size>0x2</size>
         <input_file_ref idref="fl-18"/>
      </object_component>
      <object_component id="oc-5d0">
         <name>.data:numericKeypad_C00</name>
         <load_address>0x21d0</load_address>
         <run_address>0x21d0</run_address>
         <size>0x4</size>
         <input_file_ref idref="fl-18"/>
      </object_component>
      <object_component id="oc-655">
         <name>.data:numericKeypad_C01_Elements</name>
         <load_address>0x220a</load_address>
         <run_address>0x220a</run_address>
         <size>0x2</size>
         <input_file_ref idref="fl-18"/>
      </object_component>
      <object_component id="oc-5d3">
         <name>.data:numericKeypad_C01</name>
         <load_address>0x21d4</load_address>
         <run_address>0x21d4</run_address>
         <size>0x4</size>
         <input_file_ref idref="fl-18"/>
      </object_component>
      <object_component id="oc-65a">
         <name>.data:numericKeypad_C02_Elements</name>
         <load_address>0x220c</load_address>
         <run_address>0x220c</run_address>
         <size>0x2</size>
         <input_file_ref idref="fl-18"/>
      </object_component>
      <object_component id="oc-5d6">
         <name>.data:numericKeypad_C02</name>
         <load_address>0x21d8</load_address>
         <run_address>0x21d8</run_address>
         <size>0x4</size>
         <input_file_ref idref="fl-18"/>
      </object_component>
      <object_component id="oc-65f">
         <name>.data:numericKeypad_C03_Elements</name>
         <load_address>0x220e</load_address>
         <run_address>0x220e</run_address>
         <size>0x2</size>
         <input_file_ref idref="fl-18"/>
      </object_component>
      <object_component id="oc-5d9">
         <name>.data:numericKeypad_C03</name>
         <load_address>0x21dc</load_address>
         <run_address>0x21dc</run_address>
         <size>0x4</size>
         <input_file_ref idref="fl-18"/>
      </object_component>
      <object_component id="oc-664">
         <name>.data:numericKeypad_C04_Elements</name>
         <load_address>0x2210</load_address>
         <run_address>0x2210</run_address>
         <size>0x2</size>
         <input_file_ref idref="fl-18"/>
      </object_component>
      <object_component id="oc-5dc">
         <name>.data:numericKeypad_C04</name>
         <load_address>0x21e0</load_address>
         <run_address>0x21e0</run_address>
         <size>0x4</size>
         <input_file_ref idref="fl-18"/>
      </object_component>
      <object_component id="oc-669">
         <name>.data:numericKeypad_C05_Elements</name>
         <load_address>0x2212</load_address>
         <run_address>0x2212</run_address>
         <size>0x2</size>
         <input_file_ref idref="fl-18"/>
      </object_component>
      <object_component id="oc-5df">
         <name>.data:numericKeypad_C05</name>
         <load_address>0x21e4</load_address>
         <run_address>0x21e4</run_address>
         <size>0x4</size>
         <input_file_ref idref="fl-18"/>
      </object_component>
      <object_component id="oc-66e">
         <name>.data:numericKeypad_C06_Elements</name>
         <load_address>0x2214</load_address>
         <run_address>0x2214</run_address>
         <size>0x2</size>
         <input_file_ref idref="fl-18"/>
      </object_component>
      <object_component id="oc-5e2">
         <name>.data:numericKeypad_C06</name>
         <load_address>0x21e8</load_address>
         <run_address>0x21e8</run_address>
         <size>0x4</size>
         <input_file_ref idref="fl-18"/>
      </object_component>
      <object_component id="oc-673">
         <name>.data:numericKeypad_C07_Elements</name>
         <load_address>0x2216</load_address>
         <run_address>0x2216</run_address>
         <size>0x2</size>
         <input_file_ref idref="fl-18"/>
      </object_component>
      <object_component id="oc-5e5">
         <name>.data:numericKeypad_C07</name>
         <load_address>0x21ec</load_address>
         <run_address>0x21ec</run_address>
         <size>0x4</size>
         <input_file_ref idref="fl-18"/>
      </object_component>
      <object_component id="oc-678">
         <name>.data:numericKeypad_C08_Elements</name>
         <load_address>0x2218</load_address>
         <run_address>0x2218</run_address>
         <size>0x2</size>
         <input_file_ref idref="fl-18"/>
      </object_component>
      <object_component id="oc-5e8">
         <name>.data:numericKeypad_C08</name>
         <load_address>0x21f0</load_address>
         <run_address>0x21f0</run_address>
         <size>0x4</size>
         <input_file_ref idref="fl-18"/>
      </object_component>
      <object_component id="oc-67d">
         <name>.data:numericKeypad_C09_Elements</name>
         <load_address>0x221a</load_address>
         <run_address>0x221a</run_address>
         <size>0x2</size>
         <input_file_ref idref="fl-18"/>
      </object_component>
      <object_component id="oc-5eb">
         <name>.data:numericKeypad_C09</name>
         <load_address>0x21f4</load_address>
         <run_address>0x21f4</run_address>
         <size>0x4</size>
         <input_file_ref idref="fl-18"/>
      </object_component>
      <object_component id="oc-682">
         <name>.data:numericKeypad_C10_Elements</name>
         <load_address>0x221c</load_address>
         <run_address>0x221c</run_address>
         <size>0x2</size>
         <input_file_ref idref="fl-18"/>
      </object_component>
      <object_component id="oc-5ee">
         <name>.data:numericKeypad_C10</name>
         <load_address>0x21f8</load_address>
         <run_address>0x21f8</run_address>
         <size>0x4</size>
         <input_file_ref idref="fl-18"/>
      </object_component>
      <object_component id="oc-687">
         <name>.data:numericKeypad_C11_Elements</name>
         <load_address>0x221e</load_address>
         <run_address>0x221e</run_address>
         <size>0x2</size>
         <input_file_ref idref="fl-18"/>
      </object_component>
      <object_component id="oc-5f1">
         <name>.data:numericKeypad_C11</name>
         <load_address>0x21fc</load_address>
         <run_address>0x21fc</run_address>
         <size>0x4</size>
         <input_file_ref idref="fl-18"/>
      </object_component>
      <object_component id="oc-737">
         <name>.data:proximityAndGuard_C00_Elements</name>
         <load_address>0x2220</load_address>
         <run_address>0x2220</run_address>
         <size>0x2</size>
         <input_file_ref idref="fl-18"/>
      </object_component>
      <object_component id="oc-6fb">
         <name>.data:proximityAndGuard_C00</name>
         <load_address>0x2200</load_address>
         <run_address>0x2200</run_address>
         <size>0x4</size>
         <input_file_ref idref="fl-18"/>
      </object_component>
      <object_component id="oc-52f">
         <name>.data:numericKeypad_Cycles</name>
         <load_address>0x203c</load_address>
         <run_address>0x203c</run_address>
         <size>0x18</size>
         <input_file_ref idref="fl-18"/>
      </object_component>
      <object_component id="oc-45e">
         <name>.data:numericKeypad</name>
         <load_address>0x2000</load_address>
         <run_address>0x2000</run_address>
         <size>0x1e</size>
         <input_file_ref idref="fl-18"/>
      </object_component>
      <object_component id="oc-694">
         <name>.data:proximityAndGuard_Cycles</name>
         <load_address>0x2222</load_address>
         <run_address>0x2222</run_address>
         <size>0x2</size>
         <input_file_ref idref="fl-18"/>
      </object_component>
      <object_component id="oc-697">
         <name>.data:proximityAndGuard_Params</name>
         <load_address>0x2204</load_address>
         <run_address>0x2204</run_address>
         <size>0x4</size>
         <input_file_ref idref="fl-18"/>
      </object_component>
      <object_component id="oc-60d">
         <name>.data:proximityAndGuard</name>
         <load_address>0x201e</load_address>
         <run_address>0x201e</run_address>
         <size>0x1e</size>
         <input_file_ref idref="fl-18"/>
      </object_component>
      <object_component id="oc-55b">
         <name>.data:g_pCaptivateSensorArray</name>
         <load_address>0x21cc</load_address>
         <run_address>0x21cc</run_address>
         <size>0x4</size>
         <input_file_ref idref="fl-18"/>
      </object_component>
      <object_component id="oc-491">
         <name>.data:g_uiApp</name>
         <load_address>0x219c</load_address>
         <run_address>0x219c</run_address>
         <size>0xe</size>
         <input_file_ref idref="fl-18"/>
      </object_component>
      <object_component id="oc-52e">
         <name>.data</name>
         <load_address>0x21c8</load_address>
         <run_address>0x21c8</run_address>
         <size>0x4</size>
         <input_file_ref idref="fl-2e"/>
      </object_component>
      <object_component id="oc-26a">
         <name>.stack</name>
         <uninitialized>true</uninitialized>
         <run_address>0x2f60</run_address>
         <size>0x2</size>
         <input_file_ref idref="fl-75"/>
      </object_component>
      <object_component id="oc-7b1">
         <name>.stack</name>
         <uninitialized>true</uninitialized>
         <run_address>0x2f60</run_address>
         <size>0x0</size>
      </object_component>
      <object_component id="oc-75">
         <name>.int40</name>
         <load_address>0xffd8</load_address>
         <run_address>0xffd8</run_address>
         <size>0x2</size>
         <input_file_ref idref="fl-11"/>
      </object_component>
      <object_component id="oc-76">
         <name>.int41</name>
         <load_address>0xffda</load_address>
         <run_address>0xffda</run_address>
         <size>0x2</size>
         <input_file_ref idref="fl-8"/>
      </object_component>
      <object_component id="oc-77">
         <name>.int42</name>
         <load_address>0xffdc</load_address>
         <run_address>0xffdc</run_address>
         <size>0x2</size>
         <input_file_ref idref="fl-58"/>
      </object_component>
      <object_component id="oc-78">
         <name>.int43</name>
         <load_address>0xffde</load_address>
         <run_address>0xffde</run_address>
         <size>0x2</size>
         <input_file_ref idref="fl-59"/>
      </object_component>
      <object_component id="oc-79">
         <name>.int44</name>
         <load_address>0xffe0</load_address>
         <run_address>0xffe0</run_address>
         <size>0x2</size>
         <input_file_ref idref="fl-5a"/>
      </object_component>
      <object_component id="oc-7a">
         <name>.int45</name>
         <load_address>0xffe2</load_address>
         <run_address>0xffe2</run_address>
         <size>0x2</size>
         <input_file_ref idref="fl-5b"/>
      </object_component>
      <object_component id="oc-7b">
         <name>.int46</name>
         <load_address>0xffe4</load_address>
         <run_address>0xffe4</run_address>
         <size>0x2</size>
         <input_file_ref idref="fl-5c"/>
      </object_component>
      <object_component id="oc-7c">
         <name>.int47</name>
         <load_address>0xffe6</load_address>
         <run_address>0xffe6</run_address>
         <size>0x2</size>
         <input_file_ref idref="fl-5d"/>
      </object_component>
      <object_component id="oc-7d">
         <name>.int48</name>
         <load_address>0xffe8</load_address>
         <run_address>0xffe8</run_address>
         <size>0x2</size>
         <input_file_ref idref="fl-5e"/>
      </object_component>
      <object_component id="oc-7e">
         <name>.int49</name>
         <load_address>0xffea</load_address>
         <run_address>0xffea</run_address>
         <size>0x2</size>
         <input_file_ref idref="fl-5f"/>
      </object_component>
      <object_component id="oc-7f">
         <name>.int50</name>
         <load_address>0xffec</load_address>
         <run_address>0xffec</run_address>
         <size>0x2</size>
         <input_file_ref idref="fl-60"/>
      </object_component>
      <object_component id="oc-80">
         <name>.int51</name>
         <load_address>0xffee</load_address>
         <run_address>0xffee</run_address>
         <size>0x2</size>
         <input_file_ref idref="fl-61"/>
      </object_component>
      <object_component id="oc-81">
         <name>.int52</name>
         <load_address>0xfff0</load_address>
         <run_address>0xfff0</run_address>
         <size>0x2</size>
         <input_file_ref idref="fl-62"/>
      </object_component>
      <object_component id="oc-82">
         <name>.int53</name>
         <load_address>0xfff2</load_address>
         <run_address>0xfff2</run_address>
         <size>0x2</size>
         <input_file_ref idref="fl-63"/>
      </object_component>
      <object_component id="oc-83">
         <name>.int54</name>
         <load_address>0xfff4</load_address>
         <run_address>0xfff4</run_address>
         <size>0x2</size>
         <input_file_ref idref="fl-64"/>
      </object_component>
      <object_component id="oc-84">
         <name>.int55</name>
         <load_address>0xfff6</load_address>
         <run_address>0xfff6</run_address>
         <size>0x2</size>
         <input_file_ref idref="fl-65"/>
      </object_component>
      <object_component id="oc-85">
         <name>.int56</name>
         <load_address>0xfff8</load_address>
         <run_address>0xfff8</run_address>
         <size>0x2</size>
         <input_file_ref idref="fl-8"/>
      </object_component>
      <object_component id="oc-86">
         <name>.int57</name>
         <load_address>0xfffa</load_address>
         <run_address>0xfffa</run_address>
         <size>0x2</size>
         <input_file_ref idref="fl-66"/>
      </object_component>
      <object_component id="oc-87">
         <name>.int58</name>
         <load_address>0xfffc</load_address>
         <run_address>0xfffc</run_address>
         <size>0x2</size>
         <input_file_ref idref="fl-67"/>
      </object_component>
      <object_component id="oc-26d">
         <name>.reset</name>
         <load_address>0xfffe</load_address>
         <run_address>0xfffe</run_address>
         <size>0x2</size>
         <input_file_ref idref="fl-75"/>
      </object_component>
      <object_component id="oc-431">
         <name>.debug_info</name>
         <load_address>0x0</load_address>
         <run_address>0x0</run_address>
         <size>0x29c</size>
         <input_file_ref idref="fl-2"/>
      </object_component>
      <object_component id="oc-5fb">
         <name>.debug_info</name>
         <load_address>0x29c</load_address>
         <run_address>0x29c</run_address>
         <size>0xc2</size>
         <input_file_ref idref="fl-2"/>
      </object_component>
      <object_component id="oc-5fe">
         <name>.debug_info</name>
[...]
         <name>numericKeypad_E04_RawCnts</name>
         <value>0x234c</value>
      </symbol>
      <symbol id="sm-701">
         <name>numericKeypad_E04_Tuning</name>
         <value>0x231a</value>
      </symbol>
      <symbol id="sm-702">
         <name>numericKeypad_E05_RawCnts</name>
         <value>0x234e</value>
      </symbol>
      <symbol id="sm-703">
         <name>numericKeypad_E05_Tuning</name>
         <value>0x231e</value>
      </symbol>
      <symbol id="sm-704">
         <name>numericKeypad_E06_RawCnts</name>
         <value>0x2350</value>
      </symbol>
      <symbol id="sm-705">
         <name>numericKeypad_E06_Tuning</name>
         <value>0x2322</value>
      </symbol>
      <symbol id="sm-706">
         <name>numericKeypad_E07_RawCnts</name>
         <value>0x2352</value>
      </symbol>
      <symbol id="sm-707">
         <name>numericKeypad_E07_Tuning</name>
         <value>0x2326</value>
      </symbol>
      <symbol id="sm-708">
         <name>numericKeypad_E08_RawCnts</name>
         <value>0x2354</value>
      </symbol>
      <symbol id="sm-709">
         <name>numericKeypad_E08_Tuning</name>
         <value>0x232a</value>
      </symbol>
      <symbol id="sm-70a">
         <name>numericKeypad_E09_RawCnts</name>
         <value>0x2356</value>
      </symbol>
      <symbol id="sm-70b">
         <name>numericKeypad_E09_Tuning</name>
         <value>0x232e</value>
      </symbol>
      <symbol id="sm-70c">
         <name>numericKeypad_E10_RawCnts</name>
         <value>0x2358</value>
      </symbol>
      <symbol id="sm-70d">
         <name>numericKeypad_E10_Tuning</name>
         <value>0x2332</value>
      </symbol>
      <symbol id="sm-70e">
         <name>numericKeypad_E11_RawCnts</name>
         <value>0x235a</value>
      </symbol>
      <symbol id="sm-70f">
         <name>numericKeypad_E11_Tuning</name>
         <value>0x2336</value>
      </symbol>
      <symbol id="sm-710">
         <name>proximityAndGuard_E00_RawCnts</name>
         <value>0x235c</value>
      </symbol>
      <symbol id="sm-711">
         <name>proximityAndGuard_E00_Tuning</name>
         <value>0x233a</value>
      </symbol>
      <symbol id="sm-712">
         <name>numericKeypad_Params</name>
         <value>0x22f8</value>
      </symbol>
      <symbol id="sm-713">
         <name>numericKeypad_C11</name>
         <value>0x21fc</value>
         <object_component_ref idref="oc-5f1"/>
      </symbol>
      <symbol id="sm-714">
         <name>numericKeypad_C10</name>
         <value>0x21f8</value>
         <object_component_ref idref="oc-5ee"/>
      </symbol>
      <symbol id="sm-715">
         <name>proximityAndGuard_Params</name>
         <value>0x2204</value>
         <object_component_ref idref="oc-697"/>
      </symbol>
      <symbol id="sm-716">
         <name>numericKeypad_C03</name>
         <value>0x21dc</value>
         <object_component_ref idref="oc-5d9"/>
      </symbol>
      <symbol id="sm-717">
         <name>numericKeypad_C02</name>
         <value>0x21d8</value>
         <object_component_ref idref="oc-5d6"/>
      </symbol>
      <symbol id="sm-718">
         <name>numericKeypad_C01</name>
         <value>0x21d4</value>
         <object_component_ref idref="oc-5d3"/>
      </symbol>
      <symbol id="sm-719">
         <name>numericKeypad_C00</name>
         <value>0x21d0</value>
         <object_component_ref idref="oc-5d0"/>
      </symbol>
      <symbol id="sm-71a">
         <name>numericKeypad_C07</name>
         <value>0x21ec</value>
         <object_component_ref idref="oc-5e5"/>
      </symbol>
      <symbol id="sm-71b">
         <name>numericKeypad_C06</name>
         <value>0x21e8</value>
         <object_component_ref idref="oc-5e2"/>
      </symbol>
      <symbol id="sm-71c">
         <name>numericKeypad_C05</name>
         <value>0x21e4</value>
         <object_component_ref idref="oc-5df"/>
      </symbol>
      <symbol id="sm-71d">
         <name>numericKeypad_C04</name>
         <value>0x21e0</value>
         <object_component_ref idref="oc-5dc"/>
      </symbol>
      <symbol id="sm-71e">
         <name>numericKeypad_C09</name>
         <value>0x21f4</value>
         <object_component_ref idref="oc-5eb"/>
      </symbol>
      <symbol id="sm-71f">
         <name>numericKeypad_C08</name>
         <value>0x21f0</value>
         <object_component_ref idref="oc-5e8"/>
      </symbol>
      <symbol id="sm-720">
         <name>proximityAndGuard_C00</name>
         <value>0x2200</value>
         <object_component_ref idref="oc-6fb"/>
      </symbol>
      <symbol id="sm-721">
         <name>numericKeypad</name>
         <value>0x2000</value>
         <object_component_ref idref="oc-45e"/>
      </symbol>
      <symbol id="sm-722">
         <name>g_pCaptivateSensorArray</name>
         <value>0x21cc</value>
         <object_component_ref idref="oc-55b"/>
      </symbol>
      <symbol id="sm-723">
         <name>numericKeypad_C08_Elements</name>
         <value>0x2218</value>
         <object_component_ref idref="oc-678"/>
      </symbol>
      <symbol id="sm-724">
         <name>numericKeypad_C00_Elements</name>
         <value>0x2208</value>
         <object_component_ref idref="oc-650"/>
      </symbol>
      <symbol id="sm-725">
         <name>numericKeypad_C02_Elements</name>
         <value>0x220c</value>
         <object_component_ref idref="oc-65a"/>
      </symbol>
      <symbol id="sm-726">
         <name>numericKeypad_C04_Elements</name>
         <value>0x2210</value>
         <object_component_ref idref="oc-664"/>
      </symbol>
      <symbol id="sm-727">
         <name>numericKeypad_C06_Elements</name>
         <value>0x2214</value>
         <object_component_ref idref="oc-66e"/>
      </symbol>
      <symbol id="sm-728">
         <name>numericKeypad_C10_Elements</name>
         <value>0x221c</value>
         <object_component_ref idref="oc-682"/>
      </symbol>
      <symbol id="sm-729">
         <name>proximityAndGuard_Cycles</name>
         <value>0x2222</value>
         <object_component_ref idref="oc-694"/>
      </symbol>
      <symbol id="sm-72a">
         <name>proximityAndGuard_C00_Elements</name>
         <value>0x2220</value>
         <object_component_ref idref="oc-737"/>
      </symbol>
      <symbol id="sm-72b">
         <name>numericKeypad_Cycles</name>
         <value>0x203c</value>
         <object_component_ref idref="oc-52f"/>
      </symbol>
      <symbol id="sm-72c">
         <name>numericKeypad_E11</name>
         <value>0x215c</value>
         <object_component_ref idref="oc-6f4"/>
      </symbol>
      <symbol id="sm-72d">
         <name>numericKeypad_E10</name>
         <value>0x2144</value>
         <object_component_ref idref="oc-6ef"/>
      </symbol>
      <symbol id="sm-72e">
         <name>numericKeypad_C09_Elements</name>
         <value>0x221a</value>
         <object_component_ref idref="oc-67d"/>
      </symbol>
      <symbol id="sm-72f">
         <name>numericKeypad_C01_Elements</name>
         <value>0x220a</value>
         <object_component_ref idref="oc-655"/>
      </symbol>
      <symbol id="sm-730">
         <name>numericKeypad_C03_Elements</name>
         <value>0x220e</value>
         <object_component_ref idref="oc-65f"/>
      </symbol>
      <symbol id="sm-731">
         <name>numericKeypad_C05_Elements</name>
         <value>0x2212</value>
         <object_component_ref idref="oc-669"/>
      </symbol>
      <symbol id="sm-732">
         <name>numericKeypad_C07_Elements</name>
         <value>0x2216</value>
         <object_component_ref idref="oc-673"/>
      </symbol>
      <symbol id="sm-733">
         <name>numericKeypad_E03</name>
         <value>0x209c</value>
         <object_component_ref idref="oc-6cc"/>
      </symbol>
      <symbol id="sm-734">
         <name>numericKeypad_E02</name>
         <value>0x2084</value>
         <object_component_ref idref="oc-6c7"/>
      </symbol>
      <symbol id="sm-735">
         <name>numericKeypad_E01</name>
         <value>0x206c</value>
         <object_component_ref idref="oc-6c2"/>
      </symbol>
      <symbol id="sm-736">
         <name>numericKeypad_E00</name>
         <value>0x2054</value>
         <object_component_ref idref="oc-6bd"/>
      </symbol>
      <symbol id="sm-737">
         <name>numericKeypad_E07</name>
         <value>0x20fc</value>
         <object_component_ref idref="oc-6e0"/>
      </symbol>
      <symbol id="sm-738">
         <name>numericKeypad_E06</name>
         <value>0x20e4</value>
         <object_component_ref idref="oc-6db"/>
      </symbol>
      <symbol id="sm-739">
         <name>numericKeypad_E05</name>
         <value>0x20cc</value>
         <object_component_ref idref="oc-6d6"/>
      </symbol>
      <symbol id="sm-73a">
         <name>numericKeypad_E04</name>
         <value>0x20b4</value>
         <object_component_ref idref="oc-6d1"/>
      </symbol>
      <symbol id="sm-73b">
         <name>numericKeypad_E09</name>
         <value>0x212c</value>
         <object_component_ref idref="oc-6ea"/>
      </symbol>
      <symbol id="sm-73c">
         <name>numericKeypad_E08</name>
         <value>0x2114</value>
         <object_component_ref idref="oc-6e5"/>
      </symbol>
      <symbol id="sm-73d">
         <name>numericKeypad_C11_Elements</name>
         <value>0x221e</value>
         <object_component_ref idref="oc-687"/>
      </symbol>
      <symbol id="sm-73e">
         <name>g_uiApp</name>
         <value>0x219c</value>
         <object_component_ref idref="oc-491"/>
      </symbol>
      <symbol id="sm-73f">
         <name>proximityAndGuard</name>
         <value>0x201e</value>
         <object_component_ref idref="oc-60d"/>
      </symbol>
      <symbol id="sm-740">
         <name>proximityAndGuard_E00</name>
         <value>0x2174</value>
         <object_component_ref idref="oc-73c"/>
      </symbol>
      <symbol id="sm-768">
         <name>CAPT_calibrateOffset</name>
         <value>0xcd96</value>
         <object_component_ref idref="oc-615"/>
      </symbol>
      <symbol id="sm-769">
         <name>CAPT_calibrateGain</name>
         <value>0xcbce</value>
         <object_component_ref idref="oc-614"/>
      </symbol>
      <symbol id="sm-76a">
         <name>CAPT_calibrateSensor</name>
         <value>0xe398</value>
         <object_component_ref idref="oc-564"/>
      </symbol>
      <symbol id="sm-770">
         <name>CAPT_getInterruptVector</name>
         <value>0xe684</value>
         <object_component_ref idref="oc-2ef"/>
      </symbol>
      <symbol id="sm-771">
         <name>CAPT_init</name>
         <value>0xe496</value>
         <object_component_ref idref="oc-560"/>
      </symbol>
      <symbol id="sm-772">
         <name>CAPT_clearIFG</name>
         <value>0xe67e</value>
         <object_component_ref idref="oc-61b"/>
      </symbol>
      <symbol id="sm-7ab">
         <name>CAPT_updateSensorTimeout</name>
         <value>0xe138</value>
         <object_component_ref idref="oc-69e"/>
      </symbol>
      <symbol id="sm-7ac">
         <name>CAPT_updateSensor</name>
         <value>0xd1b2</value>
         <object_component_ref idref="oc-566"/>
      </symbol>
      <symbol id="sm-7ad">
         <name>CAPT_processSensor</name>
         <value>0xda4c</value>
         <object_component_ref idref="oc-617"/>
      </symbol>
      <symbol id="sm-7ae">
         <name>CAPT_flagAllElementsForReseed</name>
         <value>0xdde2</value>
         <object_component_ref idref="oc-702"/>
      </symbol>
      <symbol id="sm-7af">
         <name>CAPT_blockOnFlag</name>
         <value>0xe34e</value>
         <object_component_ref idref="oc-618"/>
      </symbol>
      <symbol id="sm-7b0">
         <name>CAPT_startConversionAndWaitUntilDone</name>
         <value>0xe2a2</value>
         <object_component_ref idref="oc-69c"/>
      </symbol>
      <symbol id="sm-7b1">
         <name>CAPT_unloadCycle</name>
         <value>0xe046</value>
         <object_component_ref idref="oc-619"/>
      </symbol>
      <symbol id="sm-7b2">
         <name>CAPT_testForRecalibration</name>
         <value>0xd89e</value>
         <object_component_ref idref="oc-569"/>
      </symbol>
      <symbol id="sm-7b3">
         <name>CAPT_initSensor</name>
         <value>0xe60c</value>
         <object_component_ref idref="oc-561"/>
      </symbol>
      <symbol id="sm-7b4">
         <name>CAPT_preProcessSlider</name>
         <value>0xdcfe</value>
         <object_component_ref idref="oc-69f"/>
      </symbol>
      <symbol id="sm-7b5">
         <name>CAPT_loadCycle</name>
         <value>0xde2a</value>
         <object_component_ref idref="oc-61a"/>
      </symbol>
      <symbol id="sm-7b6">
         <name>CAPT_updateSensorNoise</name>
         <value>0xdb5e</value>
         <object_component_ref idref="oc-69d"/>
      </symbol>
      <symbol id="sm-7b7">
         <name>CAPT_processFSMCycle</name>
         <value>0xdaaa</value>
         <object_component_ref idref="oc-616"/>
      </symbol>
      <symbol id="sm-7b8">
         <name>CAPT_testForNegativeTouchRecalibration</name>
         <value>0xe4e4</value>
         <object_component_ref idref="oc-568"/>
      </symbol>
      <symbol id="sm-7b9">
         <name>CAPT_testForMaxCountRecalibration</name>
         <value>0xe41e</value>
         <object_component_ref idref="oc-567"/>
      </symbol>
      <symbol id="sm-7df">
         <name>CS_clearAllOscFlagsWithTimeout</name>
         <value>0xe43e</value>
         <object_component_ref idref="oc-45c"/>
      </symbol>
      <symbol id="sm-7e0">
         <name>CS_initFLL</name>
         <value>0xd4f8</value>
         <object_component_ref idref="oc-45b"/>
      </symbol>
      <symbol id="sm-7e1">
         <name>CS_setExternalClockSource</name>
         <value>0xe64e</value>
         <object_component_ref idref="oc-458"/>
      </symbol>
      <symbol id="sm-7e2">
         <name>CS_turnOnXT1LFWithTimeout</name>
         <value>0xe084</value>
         <object_component_ref idref="oc-459"/>
      </symbol>
      <symbol id="sm-7e3">
         <name>CS_initClockSignal</name>
         <value>0xd5ae</value>
         <object_component_ref idref="oc-45a"/>
      </symbol>
      <symbol id="sm-7e6">
         <name>FRAMCtl_configureWaitStateControl</name>
         <value>0xe514</value>
         <object_component_ref idref="oc-457"/>
      </symbol>
      <symbol id="sm-7ed">
         <name>__TI_int42</name>
         <value>0xffdc</value>
         <object_component_ref idref="oc-77"/>
      </symbol>
      <symbol id="sm-7f0">
         <name>__TI_int43</name>
         <value>0xffde</value>
         <object_component_ref idref="oc-78"/>
      </symbol>
      <symbol id="sm-7f3">
         <name>__TI_int44</name>
         <value>0xffe0</value>
         <object_component_ref idref="oc-79"/>
      </symbol>
      <symbol id="sm-7f6">
         <name>__TI_int45</name>
         <value>0xffe2</value>
         <object_component_ref idref="oc-7a"/>
      </symbol>
      <symbol id="sm-7f9">
         <name>__TI_int46</name>
         <value>0xffe4</value>
         <object_component_ref idref="oc-7b"/>
      </symbol>
      <symbol id="sm-7fc">
         <name>__TI_int47</name>
         <value>0xffe6</value>
         <object_component_ref idref="oc-7c"/>
      </symbol>
      <symbol id="sm-7ff">
         <name>__TI_int48</name>
         <value>0xffe8</value>
         <object_component_ref idref="oc-7d"/>
      </symbol>
      <symbol id="sm-802">
         <name>__TI_int49</name>
         <value>0xffea</value>
         <object_component_ref idref="oc-7e"/>
      </symbol>
      <symbol id="sm-805">
         <name>__TI_int50</name>
         <value>0xffec</value>
         <object_component_ref idref="oc-7f"/>
      </symbol>
      <symbol id="sm-808">
         <name>__TI_int51</name>
         <value>0xffee</value>
         <object_component_ref idref="oc-80"/>
      </symbol>
      <symbol id="sm-80b">
         <name>__TI_int52</name>
         <value>0xfff0</value>
         <object_component_ref idref="oc-81"/>
      </symbol>
      <symbol id="sm-80e">
         <name>__TI_int53</name>
         <value>0xfff2</value>
         <object_component_ref idref="oc-82"/>
      </symbol>
      <symbol id="sm-811">
         <name>__TI_int54</name>
         <value>0xfff4</value>
         <object_component_ref idref="oc-83"/>
      </symbol>
      <symbol id="sm-814">
         <name>__TI_int55</name>
         <value>0xfff6</value>
         <object_component_ref idref="oc-84"/>
      </symbol>
      <symbol id="sm-817">
         <name>__TI_int57</name>
         <value>0xfffa</value>
         <object_component_ref idref="oc-86"/>
      </symbol>
      <symbol id="sm-81a">
         <name>__TI_int58</name>
         <value>0xfffc</value>
         <object_component_ref idref="oc-87"/>
      </symbol>
      <symbol id="sm-822">
         <name>__TI_ISR_TRAP</name>
         <value>0xe676</value>
         <object_component_ref idref="oc-292"/>
      </symbol>
      <symbol id="sm-82b">
         <name>__mspabi_slli</name>
         <value>0xe66c</value>
         <object_component_ref idref="oc-63b"/>
      </symbol>
      <symbol id="sm-846">
         <name>_stack</name>
         <value>0x2f60</value>
         <object_component_ref idref="oc-26a"/>
      </symbol>
      <symbol id="sm-847">
         <name>_c_int00_noargs</name>
         <value>0xe47a</value>
         <object_component_ref idref="oc-2af"/>
      </symbol>
      <symbol id="sm-848">
         <name>_reset_vector</name>
         <value>0xfffe</value>
         <object_component_ref idref="oc-26d"/>
      </symbol>
      <symbol id="sm-86a">
         <name>__TI_auto_init_nobinit_nopinit_hold_wdt</name>
         <value>0xdc0a</value>
         <object_component_ref idref="oc-416"/>
      </symbol>
      <symbol id="sm-87d">
         <name>__TI_zero_init_nomemset</name>
         <value>0xe57e</value>
         <object_component_ref idref="oc-29d"/>
      </symbol>
      <symbol id="sm-88a">
         <name>_system_post_cinit</name>
         <value>0xe6ba</value>
         <object_component_ref idref="oc-4ff"/>
      </symbol>
      <symbol id="sm-8a0">
         <name>__TI_decompress_none</name>
         <value>0xe5c8</value>
         <object_component_ref idref="oc-6f"/>
      </symbol>
      <symbol id="sm-8c3">
         <name>__TI_decompress_lzss</name>
         <value>0xd97e</value>
         <object_component_ref idref="oc-69"/>
      </symbol>
      <symbol id="sm-8cd">
         <name>C$$EXIT</name>
         <value>0xe6b4</value>
         <object_component_ref idref="oc-3f2"/>
      </symbol>
      <symbol id="sm-8ce">
         <name>abort</name>
         <value>0xe6b4</value>
         <object_component_ref idref="oc-3f2"/>
      </symbol>
      <symbol id="sm-8df">
         <name>memcmp</name>
         <value>0xe3dc</value>
         <object_component_ref idref="oc-4e1"/>
      </symbol>
      <symbol id="sm-8ed">
         <name>memcpy</name>
         <value>0xe5da</value>
         <object_component_ref idref="oc-279"/>
      </symbol>
      <symbol id="sm-8f4">
         <name>TRF79xxA_sendDirectCommand</name>
         <value>0xe52a</value>
      </symbol>
      <symbol id="sm-8f5">
         <name>TRF79xxA_readContinuous</name>
         <value>0xe0fe</value>
      </symbol>
   </symbol_table>
   <title>Link successful</title>
</link_info>
