******************************************************************************
                  MSP430 Linker PC v18.1.4                     
******************************************************************************
>> Linked Mon Dec 17 21:09:18 2018

OUTPUT FILE NAME:   <LockNFC_code.out>
ENTRY POINT SYMBOL: "_c_int00_noargs"  address: 0000e47a


MEMORY CONFIGURATION

         name            origin    length      used     unused   attr    fill
----------------------  --------  ---------  --------  --------  ----  --------
  SFR                   00000000   00000010  00000000  00000010  RWIX
  PERIPHERALS_8BIT      00000010   000000f0  00000000  000000f0  RWIX
  PERIPHERALS_16BIT     00000100   00000100  00000000  00000100  RWIX
  INFOA                 00001800   00000200  00000000  00000200  RWIX
  RAM                   00002000   00001000  00000407  00000bf9  RWIX
  FRAM                  0000c400   00003b80  000022bc  000018c4  RWIX
  JTAGSIGNATURE         0000ff80   00000004  00000004  00000000  RWIX  ffff 
  BSLSIGNATURE          0000ff84   00000004  00000004  00000000  RWIX  ffff 
  INT00                 0000ff88   00000002  00000000  00000002  RWIX
  INT01                 0000ff8a   00000002  00000000  00000002  RWIX
  INT02                 0000ff8c   00000002  00000000  00000002  RWIX
  INT03                 0000ff8e   00000002  00000000  00000002  RWIX
  INT04                 0000ff90   00000002  00000000  00000002  RWIX
  INT05                 0000ff92   00000002  00000000  00000002  RWIX
  INT06                 0000ff94   00000002  00000000  00000002  RWIX
  INT07                 0000ff96   00000002  00000000  00000002  RWIX
  INT08                 0000ff98   00000002  00000000  00000002  RWIX
  INT09                 0000ff9a   00000002  00000000  00000002  RWIX
  INT10                 0000ff9c   00000002  00000000  00000002  RWIX
  INT11                 0000ff9e   00000002  00000000  00000002  RWIX
  INT12                 0000ffa0   00000002  00000000  00000002  RWIX
  INT13                 0000ffa2   00000002  00000000  00000002  RWIX
  INT14                 0000ffa4   00000002  00000000  00000002  RWIX
  INT15                 0000ffa6   00000002  00000000  00000002  RWIX
  INT16                 0000ffa8   00000002  00000000  00000002  RWIX
  INT17                 0000ffaa   00000002  00000000  00000002  RWIX
  INT18                 0000ffac   00000002  00000000  00000002  RWIX
  INT19                 0000ffae   00000002  00000000  00000002  RWIX
  INT20                 0000ffb0   00000002  00000000  00000002  RWIX
  INT21                 0000ffb2   00000002  00000000  00000002  RWIX
  INT22                 0000ffb4   00000002  00000000  00000002  RWIX
  INT23                 0000ffb6   00000002  00000000  00000002  RWIX
  INT24                 0000ffb8   00000002  00000000  00000002  RWIX
  INT25                 0000ffba   00000002  00000000  00000002  RWIX
  INT26                 0000ffbc   00000002  00000000  00000002  RWIX
  INT27                 0000ffbe   00000002  00000000  00000002  RWIX
  INT28                 0000ffc0   00000002  00000000  00000002  RWIX
  INT29                 0000ffc2   00000002  00000000  00000002  RWIX
  INT30                 0000ffc4   00000002  00000000  00000002  RWIX
  INT31                 0000ffc6   00000002  00000000  00000002  RWIX
  INT32                 0000ffc8   00000002  00000000  00000002  RWIX
  INT33                 0000ffca   00000002  00000000  00000002  RWIX
  INT34                 0000ffcc   00000002  00000000  00000002  RWIX
  INT35                 0000ffce   00000002  00000000  00000002  RWIX
  INT36                 0000ffd0   00000002  00000000  00000002  RWIX
  INT37                 0000ffd2   00000002  00000000  00000002  RWIX
  INT38                 0000ffd4   00000002  00000000  00000002  RWIX
  INT39                 0000ffd6   00000002  00000000  00000002  RWIX
  INT40                 0000ffd8   00000002  00000002  00000000  RWIX
  INT41                 0000ffda   00000002  00000002  00000000  RWIX
  INT42                 0000ffdc   00000002  00000002  00000000  RWIX
  INT43                 0000ffde   00000002  00000002  00000000  RWIX
  INT44                 0000ffe0   00000002  00000002  00000000  RWIX
  INT45                 0000ffe2   00000002  00000002  00000000  RWIX
  INT46                 0000ffe4   00000002  00000002  00000000  RWIX
  INT47                 0000ffe6   00000002  00000002  00000000  RWIX
  INT48                 0000ffe8   00000002  00000002  00000000  RWIX
  INT49                 0000ffea   00000002  00000002  00000000  RWIX
  INT50                 0000ffec   00000002  00000002  00000000  RWIX
  INT51                 0000ffee   00000002  00000002  00000000  RWIX
  INT52                 0000fff0   00000002  00000002  00000000  RWIX
  INT53                 0000fff2   00000002  00000002  00000000  RWIX
  INT54                 0000fff4   00000002  00000002  00000000  RWIX
  INT55                 0000fff6   00000002  00000002  00000000  RWIX
  INT56                 0000fff8   00000002  00000002  00000000  RWIX
  INT57                 0000fffa   00000002  00000002  00000000  RWIX
  INT58                 0000fffc   00000002  00000002  00000000  RWIX
  RESET                 0000fffe   00000002  00000002  00000000  RWIX


SECTION ALLOCATION MAP

 output                                  attributes/
section   page    origin      length       input sections
--------  ----  ----------  ----------   ----------------
.data      0    00002000    00000224     UNINITIALIZED
                  00002000    0000001e     CAPT_UserConfig.obj (.data:numericKeypad)
                  0000201e    0000001e     CAPT_UserConfig.obj (.data:proximityAndGuard)
                  0000203c    00000018     CAPT_UserConfig.obj (.data:numericKeypad_Cycles)
                  00002054    00000018     CAPT_UserConfig.obj (.data:numericKeypad_E00)
                  0000206c    00000018     CAPT_UserConfig.obj (.data:numericKeypad_E01)
                  00002084    00000018     CAPT_UserConfig.obj (.data:numericKeypad_E02)
                  0000209c    00000018     CAPT_UserConfig.obj (.data:numericKeypad_E03)
                  000020b4    00000018     CAPT_UserConfig.obj (.data:numericKeypad_E04)
                  000020cc    00000018     CAPT_UserConfig.obj (.data:numericKeypad_E05)
                  000020e4    00000018     CAPT_UserConfig.obj (.data:numericKeypad_E06)
                  000020fc    00000018     CAPT_UserConfig.obj (.data:numericKeypad_E07)
                  00002114    00000018     CAPT_UserConfig.obj (.data:numericKeypad_E08)
                  0000212c    00000018     CAPT_UserConfig.obj (.data:numericKeypad_E09)
                  00002144    00000018     CAPT_UserConfig.obj (.data:numericKeypad_E10)
                  0000215c    00000018     CAPT_UserConfig.obj (.data:numericKeypad_E11)
                  00002174    00000018     CAPT_UserConfig.obj (.data:proximityAndGuard_E00)
                  0000218c    00000010     captouch.obj (.data:entry)
                  0000219c    0000000e     CAPT_UserConfig.obj (.data:g_uiApp)
                  000021aa    0000000d     captouch.obj (.data:keys)
                  000021b7    00000001     CAPT_App.obj (.data)
                  000021b8    00000008     captouch.obj (.data:passcodeReversed)
                  000021c0    00000007     nfc.obj (.data:fredTag)
                  000021c7    00000001     main.obj (.data)
                  000021c8    00000004     driverlib_scsd.lib : cs.o (.data)
                  000021cc    00000004     CAPT_UserConfig.obj (.data:g_pCaptivateSensorArray)
                  000021d0    00000004     CAPT_UserConfig.obj (.data:numericKeypad_C00)
                  000021d4    00000004     CAPT_UserConfig.obj (.data:numericKeypad_C01)
                  000021d8    00000004     CAPT_UserConfig.obj (.data:numericKeypad_C02)
                  000021dc    00000004     CAPT_UserConfig.obj (.data:numericKeypad_C03)
                  000021e0    00000004     CAPT_UserConfig.obj (.data:numericKeypad_C04)
                  000021e4    00000004     CAPT_UserConfig.obj (.data:numericKeypad_C05)
                  000021e8    00000004     CAPT_UserConfig.obj (.data:numericKeypad_C06)
                  000021ec    00000004     CAPT_UserConfig.obj (.data:numericKeypad_C07)
                  000021f0    00000004     CAPT_UserConfig.obj (.data:numericKeypad_C08)
                  000021f4    00000004     CAPT_UserConfig.obj (.data:numericKeypad_C09)
                  000021f8    00000004     CAPT_UserConfig.obj (.data:numericKeypad_C10)
                  000021fc    00000004     CAPT_UserConfig.obj (.data:numericKeypad_C11)
                  00002200    00000004     CAPT_UserConfig.obj (.data:proximityAndGuard_C00)
                  00002204    00000004     CAPT_UserConfig.obj (.data:proximityAndGuard_Params)
                  00002208    00000002     CAPT_UserConfig.obj (.data:numericKeypad_C00_Elements)
                  0000220a    00000002     CAPT_UserConfig.obj (.data:numericKeypad_C01_Elements)
                  0000220c    00000002     CAPT_UserConfig.obj (.data:numericKeypad_C02_Elements)
                  0000220e    00000002     CAPT_UserConfig.obj (.data:numericKeypad_C03_Elements)
                  00002210    00000002     CAPT_UserConfig.obj (.data:numericKeypad_C04_Elements)
                  00002212    00000002     CAPT_UserConfig.obj (.data:numericKeypad_C05_Elements)
                  00002214    00000002     CAPT_UserConfig.obj (.data:numericKeypad_C06_Elements)
                  00002216    00000002     CAPT_UserConfig.obj (.data:numericKeypad_C07_Elements)
                  00002218    00000002     CAPT_UserConfig.obj (.data:numericKeypad_C08_Elements)
                  0000221a    00000002     CAPT_UserConfig.obj (.data:numericKeypad_C09_Elements)
                  0000221c    00000002     CAPT_UserConfig.obj (.data:numericKeypad_C10_Elements)
                  0000221e    00000002     CAPT_UserConfig.obj (.data:numericKeypad_C11_Elements)
                  00002220    00000002     CAPT_UserConfig.obj (.data:proximityAndGuard_C00_Elements)
                  00002222    00000002     CAPT_UserConfig.obj (.data:proximityAndGuard_Cycles)

.TI.persistent 
*          0    0000c400    00000000     UNINITIALIZED

.cinit     0    0000c400    00000166     
                  0000c400    00000153     (.cinit..data.load) [load image, compression = lzss]
                  0000c553    00000001     --HOLE-- [fill = 0]
                  0000c554    00000006     (__TI_handler_table)
                  0000c55a    00000004     (.cinit..bss.load) [load image, compression = zero_init]
                  0000c55e    00000008     (__TI_cinit_table)

.pinit     0    0000c566    00000000     UNINITIALIZED

.binit     0    0000c566    00000000     

.init_array 
*          0    0000c566    00000000     UNINITIALIZED

.mspabi.exidx 
*          0    0000c566    00000000     UNINITIALIZED

.mspabi.extab 
*          0    0000c566    00000000     UNINITIALIZED

.const     0    0000c566    00000000     UNINITIALIZED

.text      0    0000c566    00002156     
                  0000c566    00000276     trf79xxa.obj (.text:TRF79xxA_processIRQ)
                  0000c7dc    00000220     iso14443a.obj (.text:ISO14443A_runAnticollision)
                  0000c9fc    000001d2     iso14443a.obj (.text:ISO14443A_selectTag)
                  0000cbce    000001c8     captivate_fr2633_family.lib : CAPT_Calibration.o (.text:CAPT_calibrateGain)
                  0000cd96    0000019e                                 : CAPT_Calibration.o (.text:CAPT_calibrateOffset)
                  0000cf34    00000158     iso14443a.obj (.text:ISO14443A_sendSelectCmd)
                  0000d08c    00000126     iso14443a.obj (.text:ISO14443A_sendAnticollisionCmd)
                  0000d1b2    00000108     captivate_fr2633_family.lib : CAPT_Touch.o (.text:CAPT_updateSensor)
                  0000d2ba    000000c4     main.obj (.text:main)
                  0000d37e    000000c2     iso14443a.obj (.text:ISO14443A_storeUID)
                  0000d440    000000b8     trf79xxa.obj (.text:TRF79xxA_writeRaw)
                  0000d4f8    000000b6     driverlib_scsd.lib : cs.o (.text:CS_initFLL)
                  0000d5ae    000000b4                        : cs.o (.text:CS_initClockSignal)
                  0000d662    000000a8     CAPT_BSP.obj (.text:BSP_configureMCU)
                  0000d70a    0000008a     trf79xxa.obj (.text:TRF79xxA_setupInitiator)
                  0000d794    00000086     iso14443a.obj (.text:ISO14443A_sendPollCmd)
                  0000d81a    00000084     trf79xxa.obj (.text:TRF79xxA_waitRxIRQ)
                  0000d89e    00000070     captivate_fr2633_family.lib : CAPT_Touch.o (.text:CAPT_testForRecalibration)
                  0000d90e    00000070     trf79xxa.obj (.text:TRF79xxA_initialSettings)
                  0000d97e    0000006e     rts430x_sc_sd_eabi.lib : copy_decompress_lzss.c.obj (.text:decompress:lzss:__TI_decompress_lzss)
                  0000d9ec    00000060     CAPT_Manager.obj (.text:CAPT_updateUI)
                  0000da4c    0000005e     captivate_fr2633_family.lib : CAPT_Touch.o (.text:CAPT_processSensor)
                  0000daaa    0000005c                                 : CAPT_Touch.o (.text:CAPT_processFSMCycle)
                  0000db06    00000058     iso14443a.obj (.text:ISO14443A_init)
                  0000db5e    00000056     captivate_fr2633_family.lib : CAPT_Touch.o (.text:CAPT_updateSensorNoise)
                  0000dbb4    00000056     trf79xxa.obj (.text:TRF79xxA_waitTxIRQ)
                  0000dc0a    00000052     rts430x_sc_sd_eabi.lib : autoinit.c.obj (.text:__TI_auto_init_nobinit_nopinit_hold_wdt:__TI_auto_init_nobinit_nopinit_hold_wdt)
                  0000dc5c    00000052     nfc.obj (.text:nfcInit)
                  0000dcae    00000050     nfc.obj (.text:storeTag)
                  0000dcfe    0000004e     captivate_fr2633_family.lib : CAPT_Touch.o (.text:CAPT_preProcessSlider)
                  0000dd4c    0000004c     trf79xxa.obj (.text:TRF79xxA_reset)
                  0000dd98    0000004a     nfc.obj (.text:checkComms)
                  0000dde2    00000048     captivate_fr2633_family.lib : CAPT_Touch.o (.text:CAPT_flagAllElementsForReseed)
                  0000de2a    00000048                                 : CAPT_Touch.o (.text:CAPT_loadCycle)
                  0000de72    00000048     trf79xxa.obj (.text:TRF79xxA_waitRxData)
                  0000deba    00000046     captouch.obj (.text:addKeyPressAndCompare)
                  0000df00    00000042     nfc_app.obj (.text:NFC_Find14443A)
                  0000df42    00000042     trf79xxa.obj (.text:TRF79xxA_irqHandler)
                  0000df84    00000042     nfc.obj (.text:tagPermitted)
                  0000dfc6    00000040     CAPT_ISR.obj (.text:CAPT_ISR)
                  0000e006    00000040     CAPT_Manager.obj (.text:CAPT_initUI)
                  0000e046    0000003e     captivate_fr2633_family.lib : CAPT_Touch.o (.text:CAPT_unloadCycle)
                  0000e084    0000003e     driverlib_scsd.lib : cs.o (.text:CS_turnOnXT1LFWithTimeout)
                  0000e0c2    0000003c     CAPT_App.obj (.text:CAPT_appStart)
                  0000e0fe    0000003a     spi.obj (.text:SPI_readCont)
                  0000e138    00000036     captivate_fr2633_family.lib : CAPT_Touch.o (.text:CAPT_updateSensorTimeout)
                  0000e16e    00000036     spi.obj (.text:SPI_rawWrite)
                  0000e1a4    00000036     trf79xxa.obj (.text:TRF79xxA_checkExternalRfField)
                  0000e1da    00000036     captouch.obj (.text:numericKeypadHandler)
                  0000e210    00000034     trf79xxa.obj (.text:TRF79xxA_writeRegister)
                  0000e244    00000030     trf79xxa.obj (.text:TRF79xxA_timerHandler)
                  0000e274    0000002e     CAPT_App.obj (.text:CAPT_appSleep)
                  0000e2a2    0000002e     captivate_fr2633_family.lib : CAPT_Touch.o (.text:CAPT_startConversionAndWaitUntilDone)
                  0000e2d0    0000002c     spi.obj (.text:SPI_usciSet)
                  0000e2fc    0000002a     CAPT_App.obj (.text:CAPT_appHandler)
                  0000e326    00000028     spi.obj (.text:SPI_readSingle)
                  0000e34e    00000026     captivate_fr2633_family.lib : CAPT_Touch.o (.text:CAPT_blockOnFlag)
                  0000e374    00000024     CAPT_Manager.obj (.text:CAPT_getGlobalUIProximityStatus)
                  0000e398    00000022     captivate_fr2633_family.lib : CAPT_Calibration.o (.text:CAPT_calibrateSensor)
                  0000e3ba    00000022     mcu.obj (.text:MCU_delayMillisecond)
                  0000e3dc    00000022     rts430x_sc_sd_eabi.lib : memcmp.c.obj (.text:memcmp)
                  0000e3fe    00000020     CAPT_Manager.obj (.text:CAPT_calibrateUI)
                  0000e41e    00000020     captivate_fr2633_family.lib : CAPT_Touch.o (.text:CAPT_testForMaxCountRecalibration)
                  0000e43e    0000001e     driverlib_scsd.lib : cs.o (.text:CS_clearAllOscFlagsWithTimeout)
                  0000e45c    0000001e     spi.obj (.text:SPI_writeSingle)
                  0000e47a    0000001c     rts430x_sc_sd_eabi.lib : boot.c.obj (.text:_c_int00_noargs)
                  0000e496    0000001a     captivate_fr2633_family.lib : CAPT_HAL.o (.text:CAPT_init)
                  0000e4b0    0000001a     mcu.obj (.text:MCU_setCounter)
                  0000e4ca    0000001a     trf79xxa.obj (.text:TRF79xxA_resetIrqStatus)
                  0000e4e4    00000018     captivate_fr2633_family.lib : CAPT_Touch.o (.text:CAPT_testForNegativeTouchRecalibration)
                  0000e4fc    00000018     nfc.obj (.text:clearTags)
                  0000e514    00000016     driverlib_scsd.lib : framctl.o (.text:FRAMCtl_configureWaitStateControl)
                  0000e52a    00000016     spi.obj (.text:SPI_directCommand)
                  0000e540    00000016     main.obj (.text:openDoor)
                  0000e556    00000014     trf79xxa.obj (.text:TRF79xxA_readIrqStatus)
                  0000e56a    00000014     trf79xxa.obj (.text:TRF79xxA_turnRfOn)
                  0000e57e    00000014     rts430x_sc_sd_eabi.lib : copy_zero_init.c.obj (.text:decompress:ZI:__TI_zero_init_nomemset:__TI_zero_init_nomemset)
                  0000e592    00000012     spi.obj (.text:SPI_receiveByte)
                  0000e5a4    00000012     spi.obj (.text:SPI_setup)
                  0000e5b6    00000012     trf79xxa.obj (.text:TRF79xxA_readRegister)
                  0000e5c8    00000012     rts430x_sc_sd_eabi.lib : copy_decompress_none.c.obj (.text:decompress:none:__TI_decompress_none)
                  0000e5da    00000012                            : memcpy.c.obj (.text:memcpy)
                  0000e5ec    00000010     trf79xxa.obj (.text:TRF79xxA_turnRfOff)
                  0000e5fc    00000010     main.obj (.text:showFail)
                  0000e60c    0000000e     captivate_fr2633_family.lib : CAPT_Touch.o (.text:CAPT_initSensor)
                  0000e61a    0000000e     spi.obj (.text:SPI_sendByte)
                  0000e628    0000000e     captouch.obj (.text:capTouchInit)
                  0000e636    0000000c     nfc_app.obj (.text:NFC_init)
                  0000e642    0000000c     main.obj (.text:stateActive)
                  0000e64e    0000000a     driverlib_scsd.lib : cs.o (.text:CS_setExternalClockSource)
                  0000e658    0000000a     trf79xxa.obj (.text:TRF79xxA_resetFIFO)
                  0000e662    0000000a     CAPT_BSP.obj (.text:_system_pre_init)
                  0000e66c    0000000a     rts430x_sc_sd_eabi.lib : lsl16.asm.obj (.text)
                  0000e676    00000008                            : isr_trap.asm.obj (.text:_isr:__TI_ISR_TRAP)
                  0000e67e    00000006     captivate_fr2633_family.lib : CAPT_HAL.o (.text:CAPT_clearIFG)
                  0000e684    00000006                                 : CAPT_HAL.o (.text:CAPT_getInterruptVector)
                  0000e68a    00000006     iso14443a.obj (.text:ISO14443A_getUid)
                  0000e690    00000006     iso14443a.obj (.text:ISO14443A_getUidSize)
                  0000e696    00000006     iso14443a.obj (.text:ISO14443A_setRecursionCount)
                  0000e69c    00000006     ndef.obj (.text:NDEF_setBlockNumberBit)
                  0000e6a2    00000006     trf79xxa.obj (.text:TRF79xxA_getCollisionPosition)
                  0000e6a8    00000006     trf79xxa.obj (.text:TRF79xxA_getRxBytesReceived)
                  0000e6ae    00000006     trf79xxa.obj (.text:TRF79xxA_setTrfPowerSetting)
                  0000e6b4    00000006     rts430x_sc_sd_eabi.lib : exit.c.obj (.text:abort)
                  0000e6ba    00000002                            : startup.c.obj (.text:_system_post_cinit)

.bss       0    00002224    00000143     UNINITIALIZED
                  00002224    00000064     (.common:g_pui8TrfBuffer)
                  00002288    00000050     (.common:validTags)
                  000022d8    0000000d     iso14443a.obj (.bss)
                  000022e5    00000001     (.common:g_bConvCounterFlag)
                  000022e6    0000000a     iso14443a.obj (.bss:g_pui8CompleteUid)
                  000022f0    00000008     trf79xxa.obj (.bss)
                  000022f8    00000008     (.common:numericKeypad_Params)
                  00002300    00000006     iso14443a.obj (.bss:g_pui8PartialUid)
                  00002306    00000004     trf79xxa.obj (.bss:g_eTrfGeneralSettings)
                  0000230a    00000004     (.common:numericKeypad_E00_Tuning)
                  0000230e    00000004     (.common:numericKeypad_E01_Tuning)
                  00002312    00000004     (.common:numericKeypad_E02_Tuning)
                  00002316    00000004     (.common:numericKeypad_E03_Tuning)
                  0000231a    00000004     (.common:numericKeypad_E04_Tuning)
                  0000231e    00000004     (.common:numericKeypad_E05_Tuning)
                  00002322    00000004     (.common:numericKeypad_E06_Tuning)
                  00002326    00000004     (.common:numericKeypad_E07_Tuning)
                  0000232a    00000004     (.common:numericKeypad_E08_Tuning)
                  0000232e    00000004     (.common:numericKeypad_E09_Tuning)
                  00002332    00000004     (.common:numericKeypad_E10_Tuning)
                  00002336    00000004     (.common:numericKeypad_E11_Tuning)
                  0000233a    00000004     (.common:proximityAndGuard_E00_Tuning)
                  0000233e    00000003     ndef.obj (.bss)
                  00002341    00000001     (.common:g_bConvTimerFlag)
                  00002342    00000002     (.common:button)
                  00002344    00000002     (.common:numericKeypad_E00_RawCnts)
                  00002346    00000002     (.common:numericKeypad_E01_RawCnts)
                  00002348    00000002     (.common:numericKeypad_E02_RawCnts)
                  0000234a    00000002     (.common:numericKeypad_E03_RawCnts)
                  0000234c    00000002     (.common:numericKeypad_E04_RawCnts)
                  0000234e    00000002     (.common:numericKeypad_E05_RawCnts)
                  00002350    00000002     (.common:numericKeypad_E06_RawCnts)
                  00002352    00000002     (.common:numericKeypad_E07_RawCnts)
                  00002354    00000002     (.common:numericKeypad_E08_RawCnts)
                  00002356    00000002     (.common:numericKeypad_E09_RawCnts)
                  00002358    00000002     (.common:numericKeypad_E10_RawCnts)
                  0000235a    00000002     (.common:numericKeypad_E11_RawCnts)
                  0000235c    00000002     (.common:proximityAndGuard_E00_RawCnts)
                  0000235e    00000002     (.common:uid)
                  00002360    00000002     (.common:uidSize)
                  00002362    00000001     (.common:g_bDetectionFlag)
                  00002363    00000001     (.common:g_bEndOfConversionFlag)
                  00002364    00000001     (.common:g_bMaxCountErrorFlag)
                  00002365    00000001     (.common:nfcDuty)
                  00002366    00000001     (.common:nfcStatus)

.stack     0    00002f60    000000a0     UNINITIALIZED
                  00002f60    00000002     rts430x_sc_sd_eabi.lib : boot.c.obj (.stack)
                  00002f62    0000009e     --HOLE--

CAPTIVATE 
*          0    0000ffd8    00000002     
                  0000ffd8    00000002     CAPT_ISR.obj (.int40)

PORT2      0    0000ffda    00000002     
                  0000ffda    00000002     trf79xxa.obj (.int41)

PORT1      0    0000ffdc    00000002     
                  0000ffdc    00000002     rts430x_sc_sd_eabi.lib : int42.asm.obj (.int42)

ADC        0    0000ffde    00000002     
                  0000ffde    00000002     rts430x_sc_sd_eabi.lib : int43.asm.obj (.int43)

USCI_B0    0    0000ffe0    00000002     
                  0000ffe0    00000002     rts430x_sc_sd_eabi.lib : int44.asm.obj (.int44)

USCI_A1    0    0000ffe2    00000002     
                  0000ffe2    00000002     rts430x_sc_sd_eabi.lib : int45.asm.obj (.int45)

USCI_A0    0    0000ffe4    00000002     
                  0000ffe4    00000002     rts430x_sc_sd_eabi.lib : int46.asm.obj (.int46)

WDT        0    0000ffe6    00000002     
                  0000ffe6    00000002     rts430x_sc_sd_eabi.lib : int47.asm.obj (.int47)

RTC        0    0000ffe8    00000002     
                  0000ffe8    00000002     rts430x_sc_sd_eabi.lib : int48.asm.obj (.int48)

TIMER3_A1 
*          0    0000ffea    00000002     
                  0000ffea    00000002     rts430x_sc_sd_eabi.lib : int49.asm.obj (.int49)

TIMER3_A0 
*          0    0000ffec    00000002     
                  0000ffec    00000002     rts430x_sc_sd_eabi.lib : int50.asm.obj (.int50)

TIMER2_A1 
*          0    0000ffee    00000002     
                  0000ffee    00000002     rts430x_sc_sd_eabi.lib : int51.asm.obj (.int51)

TIMER2_A0 
*          0    0000fff0    00000002     
                  0000fff0    00000002     rts430x_sc_sd_eabi.lib : int52.asm.obj (.int52)

TIMER1_A1 
*          0    0000fff2    00000002     
                  0000fff2    00000002     rts430x_sc_sd_eabi.lib : int53.asm.obj (.int53)

TIMER1_A0 
*          0    0000fff4    00000002     
                  0000fff4    00000002     rts430x_sc_sd_eabi.lib : int54.asm.obj (.int54)

TIMER0_A1 
*          0    0000fff6    00000002     
                  0000fff6    00000002     rts430x_sc_sd_eabi.lib : int55.asm.obj (.int55)

TIMER0_A0 
*          0    0000fff8    00000002     
                  0000fff8    00000002     trf79xxa.obj (.int56)

UNMI       0    0000fffa    00000002     
                  0000fffa    00000002     rts430x_sc_sd_eabi.lib : int57.asm.obj (.int57)

SYSNMI     0    0000fffc    00000002     
                  0000fffc    00000002     rts430x_sc_sd_eabi.lib : int58.asm.obj (.int58)

.reset     0    0000fffe    00000002     
                  0000fffe    00000002     rts430x_sc_sd_eabi.lib : boot.c.obj (.reset)

$fill000   0    0000ff80    00000004     
                  0000ff80    00000004     --HOLE-- [fill = ffff]

$fill001   0    0000ff84    00000004     
                  0000ff84    00000004     --HOLE-- [fill = ffff]

MODULE SUMMARY

       Module                       code   ro data   rw data
       ------                       ----   -------   -------
    .\
       main.obj                     246    0         7      
       captouch.obj                 138    0         39     
    +--+----------------------------+------+---------+---------+
       Total:                       384    0         46     
                                                            
    .\Hardware\
       trf79xxa.obj                 1778   4         112    
       nfc.obj                      326    0         87     
       spi.obj                      298    0         0      
       mcu.obj                      60     0         0      
    +--+----------------------------+------+---------+---------+
       Total:                       2462   4         199    
                                                            
    .\NFC\
       iso14443a.obj                2082   0         29     
       nfc_app.obj                  78     0         0      
       ndef.obj                     6      0         3      
    +--+----------------------------+------+---------+---------+
       Total:                       2166   0         32     
                                                            
    .\captivate\ADVANCED\
       CAPT_Manager.obj             228    0         0      
    +--+----------------------------+------+---------+---------+
       Total:                       228    0         0      
                                                            
    .\captivate\BASE\
       CAPT_ISR.obj                 64     2         5      
    +--+----------------------------+------+---------+---------+
       Total:                       64     2         5      
                                                            
    .\captivate_app\
       CAPT_BSP.obj                 178    0         0      
       CAPT_App.obj                 148    0         1      
    +--+----------------------------+------+---------+---------+
       Total:                       326    0         1      
                                                            
    .\captivate_config\
       CAPT_UserConfig.obj          0      0         584    
    +--+----------------------------+------+---------+---------+
       Total:                       0      0         584    
                                                            
    ../captivate/BASE/libraries/captivate_fr2633_family.lib
       CAPT_Touch.o                 1140   0         0      
       CAPT_Calibration.o           904    0         0      
       CAPT_HAL.o                   38     0         0      
    +--+----------------------------+------+---------+---------+
       Total:                       2082   0         0      
                                                            
    ..\driverlib\MSP430FR2xx_4xx\libraries\driverlib_scsd.lib
       cs.o                         464    0         4      
       framctl.o                    22     0         0      
    +--+----------------------------+------+---------+---------+
       Total:                       486    0         4      
                                                            
    C:\ti\ccsv8\tools\compiler\ti-cgt-msp430_18.1.4.LTS\lib\rts430x_sc_sd_eabi.lib
       copy_decompress_lzss.c.obj   110    0         0      
       autoinit.c.obj               82     0         0      
       memcmp.c.obj                 34     0         0      
       boot.c.obj                   28     2         0      
       copy_zero_init.c.obj         20     0         0      
       copy_decompress_none.c.obj   18     0         0      
       memcpy.c.obj                 18     0         0      
       lsl16.asm.obj                10     0         0      
       isr_trap.asm.obj             8      0         0      
       exit.c.obj                   6      0         0      
       int42.asm.obj                0      2         0      
       int43.asm.obj                0      2         0      
       int44.asm.obj                0      2         0      
       int45.asm.obj                0      2         0      
       int46.asm.obj                0      2         0      
       int47.asm.obj                0      2         0      
       int48.asm.obj                0      2         0      
       int49.asm.obj                0      2         0      
       int50.asm.obj                0      2         0      
       int51.asm.obj                0      2         0      
       int52.asm.obj                0      2         0      
       int53.asm.obj                0      2         0      
       int54.asm.obj                0      2         0      
       int55.asm.obj                0      2         0      
       int57.asm.obj                0      2         0      
       int58.asm.obj                0      2         0      
       startup.c.obj                2      0         0      
    +--+----------------------------+------+---------+---------+
       Total:                       336    34        0      
                                                            
       Stack:                       0      0         160    
       Linker Generated:            0      357       0      
    +--+----------------------------+------+---------+---------+
       Grand Total:                 8534   397       1031   


LINKER GENERATED COPY TABLES

__TI_cinit_table @ 0000c55e records: 2, size/record: 4, table size: 8
	.data: load addr=0000c400, load size=00000153 bytes, run addr=00002000, run size=00000224 bytes, compression=lzss
	.bss: load addr=0000c55a, load size=00000004 bytes, run addr=00002224, run size=00000143 bytes, compression=zero_init


LINKER GENERATED HANDLER TABLE

__TI_handler_table @ 0000c554 records: 3, size/record: 2, table size: 6
	index: 0, handler: __TI_zero_init
	index: 1, handler: __TI_decompress_lzss
	index: 2, handler: __TI_decompress_none


GLOBAL SYMBOLS: SORTED ALPHABETICALLY BY Name 

address   name                                   
-------   ----                                   
00000700  ADCCTL0                                
00000701  ADCCTL0_H                              
00000700  ADCCTL0_L                              
00000702  ADCCTL1                                
00000703  ADCCTL1_H                              
00000702  ADCCTL1_L                              
00000704  ADCCTL2                                
00000705  ADCCTL2_H                              
00000704  ADCCTL2_L                              
00000708  ADCHI                                  
00000709  ADCHI_H                                
00000708  ADCHI_L                                
0000071a  ADCIE                                  
0000071b  ADCIE_H                                
0000071a  ADCIE_L                                
0000071c  ADCIFG                                 
0000071d  ADCIFG_H                               
0000071c  ADCIFG_L                               
0000071e  ADCIV                                  
0000071f  ADCIV_H                                
0000071e  ADCIV_L                                
00000706  ADCLO                                  
00000707  ADCLO_H                                
00000706  ADCLO_L                                
0000070a  ADCMCTL0                               
0000070b  ADCMCTL0_H                             
0000070a  ADCMCTL0_L                             
00000712  ADCMEM0                                
00000713  ADCMEM0_H                              
00000712  ADCMEM0_L                              
00000660  BAKMEM0                                
00000661  BAKMEM0_H                              
00000660  BAKMEM0_L                              
00000662  BAKMEM1                                
00000674  BAKMEM10                               
00000675  BAKMEM10_H                             
00000674  BAKMEM10_L                             
00000676  BAKMEM11                               
00000677  BAKMEM11_H                             
00000676  BAKMEM11_L                             
00000678  BAKMEM12                               
00000679  BAKMEM12_H                             
00000678  BAKMEM12_L                             
0000067a  BAKMEM13                               
0000067b  BAKMEM13_H                             
0000067a  BAKMEM13_L                             
0000067c  BAKMEM14                               
0000067d  BAKMEM14_H                             
0000067c  BAKMEM14_L                             
0000067e  BAKMEM15                               
0000067f  BAKMEM15_H                             
0000067e  BAKMEM15_L                             
00000663  BAKMEM1_H                              
00000662  BAKMEM1_L                              
00000664  BAKMEM2                                
00000665  BAKMEM2_H                              
00000664  BAKMEM2_L                              
00000666  BAKMEM3                                
00000667  BAKMEM3_H                              
00000666  BAKMEM3_L                              
00000668  BAKMEM4                                
00000669  BAKMEM4_H                              
00000668  BAKMEM4_L                              
0000066a  BAKMEM5                                
0000066b  BAKMEM5_H                              
0000066a  BAKMEM5_L                              
0000066c  BAKMEM6                                
0000066d  BAKMEM6_H                              
0000066c  BAKMEM6_L                              
0000066e  BAKMEM7                                
0000066f  BAKMEM7_H                              
0000066e  BAKMEM7_L                              
00000670  BAKMEM8                                
00000671  BAKMEM8_H                              
00000670  BAKMEM8_L                              
00000672  BAKMEM9                                
00000673  BAKMEM9_H                              
00000672  BAKMEM9_L                              
0000d662  BSP_configureMCU                       
0000e6b4  C$$EXIT                                
00000b20  CAPIE                                  
00000b21  CAPIE_H                                
00000b20  CAPIE_L                                
00000b22  CAPIFG                                 
00000b23  CAPIFG_H                               
00000b22  CAPIFG_L                               
00000b24  CAPIV                                  
00000b25  CAPIV_H                                
00000b24  CAPIV_L                                
0000dfc6  CAPT_ISR                               
0000e2fc  CAPT_appHandler                        
0000e274  CAPT_appSleep                          
0000e0c2  CAPT_appStart                          
0000e34e  CAPT_blockOnFlag                       
0000cbce  CAPT_calibrateGain                     
0000cd96  CAPT_calibrateOffset                   
0000e398  CAPT_calibrateSensor                   
0000e3fe  CAPT_calibrateUI                       
0000e67e  CAPT_clearIFG                          
0000dde2  CAPT_flagAllElementsForReseed          
0000e374  CAPT_getGlobalUIProximityStatus        
0000e684  CAPT_getInterruptVector                
0000e496  CAPT_init                              
0000e60c  CAPT_initSensor                        
0000e006  CAPT_initUI                            
0000de2a  CAPT_loadCycle                         
0000dcfe  CAPT_preProcessSlider                  
0000daaa  CAPT_processFSMCycle                   
0000da4c  CAPT_processSensor                     
0000e2a2  CAPT_startConversionAndWaitUntilDone   
0000e41e  CAPT_testForMaxCountRecalibration      
0000e4e4  CAPT_testForNegativeTouchRecalibration 
0000d89e  CAPT_testForRecalibration              
0000e046  CAPT_unloadCycle                       
0000d1b2  CAPT_updateSensor                      
0000db5e  CAPT_updateSensorNoise                 
0000e138  CAPT_updateSensorTimeout               
0000d9ec  CAPT_updateUI                          
000001c0  CRCDI                                  
000001c2  CRCDIRB                                
000001c3  CRCDIRB_H                              
000001c2  CRCDIRB_L                              
000001c1  CRCDI_H                                
000001c0  CRCDI_L                                
000001c4  CRCINIRES                              
000001c5  CRCINIRES_H                            
000001c4  CRCINIRES_L                            
000001c6  CRCRESR                                
000001c7  CRCRESR_H                              
000001c6  CRCRESR_L                              
00000180  CSCTL0                                 
00000181  CSCTL0_H                               
00000180  CSCTL0_L                               
00000182  CSCTL1                                 
00000183  CSCTL1_H                               
00000182  CSCTL1_L                               
00000184  CSCTL2                                 
00000185  CSCTL2_H                               
00000184  CSCTL2_L                               
00000186  CSCTL3                                 
00000187  CSCTL3_H                               
00000186  CSCTL3_L                               
00000188  CSCTL4                                 
00000189  CSCTL4_H                               
00000188  CSCTL4_L                               
0000018a  CSCTL5                                 
0000018b  CSCTL5_H                               
0000018a  CSCTL5_L                               
0000018c  CSCTL6                                 
0000018d  CSCTL6_H                               
0000018c  CSCTL6_L                               
0000018e  CSCTL7                                 
0000018f  CSCTL7_H                               
0000018e  CSCTL7_L                               
00000190  CSCTL8                                 
00000191  CSCTL8_H                               
00000190  CSCTL8_L                               
0000e43e  CS_clearAllOscFlagsWithTimeout         
0000d5ae  CS_initClockSignal                     
0000d4f8  CS_initFLL                             
0000e64e  CS_setExternalClockSource              
0000e084  CS_turnOnXT1LFWithTimeout              
0000e514  FRAMCtl_configureWaitStateControl      
000001a0  FRCTL0                                 
000001a1  FRCTL0_H                               
000001a0  FRCTL0_L                               
000001a4  GCCTL0                                 
000001a5  GCCTL0_H                               
000001a4  GCCTL0_L                               
000001a6  GCCTL1                                 
000001a7  GCCTL1_H                               
000001a6  GCCTL1_L                               
0000e68a  ISO14443A_getUid                       
0000e690  ISO14443A_getUidSize                   
0000db06  ISO14443A_init                         
0000c7dc  ISO14443A_runAnticollision             
0000c9fc  ISO14443A_selectTag                    
0000d08c  ISO14443A_sendAnticollisionCmd         
0000d794  ISO14443A_sendPollCmd                  
0000cf34  ISO14443A_sendSelectCmd                
0000e696  ISO14443A_setRecursionCount            
0000d37e  ISO14443A_storeUID                     
000004c4  MAC                                    
000004da  MAC32H                                 
000004db  MAC32H_H                               
000004da  MAC32H_L                               
000004d8  MAC32L                                 
000004d9  MAC32L_H                               
000004d8  MAC32L_L                               
000004c6  MACS                                   
000004de  MACS32H                                
000004df  MACS32H_H                              
000004de  MACS32H_L                              
000004dc  MACS32L                                
000004dd  MACS32L_H                              
000004dc  MACS32L_L                              
000004c7  MACS_H                                 
000004c6  MACS_L                                 
000004c5  MAC_H                                  
000004c4  MAC_L                                  
0000e3ba  MCU_delayMillisecond                   
0000e4b0  MCU_setCounter                         
000004c0  MPY                                    
000004ec  MPY32CTL0                              
000004ed  MPY32CTL0_H                            
000004ec  MPY32CTL0_L                            
000004d2  MPY32H                                 
000004d3  MPY32H_H                               
000004d2  MPY32H_L                               
000004d0  MPY32L                                 
000004d1  MPY32L_H                               
000004d0  MPY32L_L                               
000004c2  MPYS                                   
000004d6  MPYS32H                                
000004d7  MPYS32H_H                              
000004d6  MPYS32H_L                              
000004d4  MPYS32L                                
000004d5  MPYS32L_H                              
000004d4  MPYS32L_L                              
000004c3  MPYS_H                                 
000004c2  MPYS_L                                 
000004c1  MPY_H                                  
000004c0  MPY_L                                  
0000e69c  NDEF_setBlockNumberBit                 
0000df00  NFC_Find14443A                         
0000e636  NFC_init                               
000004c8  OP2                                    
000004e2  OP2H                                   
000004e3  OP2H_H                                 
000004e2  OP2H_L                                 
000004e0  OP2L                                   
000004e1  OP2L_H                                 
000004e0  OP2L_L                                 
000004c9  OP2_H                                  
000004c8  OP2_L                                  
0000020e  P1IV                                   
0000021e  P2IV                                   
00000204  PADIR                                  
00000205  PADIR_H                                
00000204  PADIR_L                                
0000021a  PAIE                                   
00000218  PAIES                                  
00000219  PAIES_H                                
00000218  PAIES_L                                
0000021b  PAIE_H                                 
0000021a  PAIE_L                                 
0000021c  PAIFG                                  
0000021d  PAIFG_H                                
0000021c  PAIFG_L                                
00000200  PAIN                                   
00000201  PAIN_H                                 
00000200  PAIN_L                                 
00000202  PAOUT                                  
00000203  PAOUT_H                                
00000202  PAOUT_L                                
00000206  PAREN                                  
00000207  PAREN_H                                
00000206  PAREN_L                                
0000020a  PASEL0                                 
0000020b  PASEL0_H                               
0000020a  PASEL0_L                               
0000020c  PASEL1                                 
0000020d  PASEL1_H                               
0000020c  PASEL1_L                               
00000224  PBDIR                                  
00000225  PBDIR_H                                
00000224  PBDIR_L                                
00000220  PBIN                                   
00000221  PBIN_H                                 
00000220  PBIN_L                                 
00000222  PBOUT                                  
00000223  PBOUT_H                                
00000222  PBOUT_L                                
00000226  PBREN                                  
00000227  PBREN_H                                
00000226  PBREN_L                                
0000022a  PBSEL0                                 
0000022b  PBSEL0_H                               
0000022a  PBSEL0_L                               
0000022c  PBSEL1                                 
0000022d  PBSEL1_H                               
0000022c  PBSEL1_L                               
00000130  PM5CTL0                                
00000131  PM5CTL0_H                              
00000130  PM5CTL0_L                              
00000120  PMMCTL0                                
00000121  PMMCTL0_H                              
00000120  PMMCTL0_L                              
00000122  PMMCTL1                                
00000123  PMMCTL1_H                              
00000122  PMMCTL1_L                              
00000124  PMMCTL2                                
00000125  PMMCTL2_H                              
00000124  PMMCTL2_L                              
0000012e  PMMIE                                  
0000012f  PMMIE_H                                
0000012e  PMMIE_L                                
0000012a  PMMIFG                                 
0000012b  PMMIFG_H                               
0000012a  PMMIFG_L                               
000004e4  RES0                                   
000004e5  RES0_H                                 
000004e4  RES0_L                                 
000004e6  RES1                                   
000004e7  RES1_H                                 
000004e6  RES1_L                                 
000004e8  RES2                                   
000004e9  RES2_H                                 
000004e8  RES2_L                                 
000004ea  RES3                                   
000004eb  RES3_H                                 
000004ea  RES3_L                                 
000004cc  RESHI                                  
000004cd  RESHI_H                                
000004cc  RESHI_L                                
000004ca  RESLO                                  
000004cb  RESLO_H                                
000004ca  RESLO_L                                
0000030c  RTCCNT                                 
0000030d  RTCCNT_H                               
0000030c  RTCCNT_L                               
00000300  RTCCTL                                 
00000301  RTCCTL_H                               
00000300  RTCCTL_L                               
00000304  RTCIV                                  
00000305  RTCIV_H                                
00000304  RTCIV_L                                
00000308  RTCMOD                                 
00000309  RTCMOD_H                               
00000308  RTCMOD_L                               
00000100  SFRIE1                                 
00000101  SFRIE1_H                               
00000100  SFRIE1_L                               
00000102  SFRIFG1                                
00000103  SFRIFG1_H                              
00000102  SFRIFG1_L                              
00000104  SFRRPCR                                
00000105  SFRRPCR_H                              
00000104  SFRRPCR_L                              
0000e52a  SPI_directCommand                      
0000e16e  SPI_rawWrite                           
0000e0fe  SPI_readCont                           
0000e326  SPI_readSingle                         
0000e592  SPI_receiveByte                        
0000e61a  SPI_sendByte                           
0000e5a4  SPI_setup                              
0000e2d0  SPI_usciSet                            
0000e45c  SPI_writeSingle                        
000004ce  SUMEXT                                 
000004cf  SUMEXT_H                               
000004ce  SUMEXT_L                               
00000158  SYSBERRIV                              
00000159  SYSBERRIV_H                            
00000158  SYSBERRIV_L                            
00000142  SYSBSLC                                
00000143  SYSBSLC_H                              
00000142  SYSBSLC_L                              
00000160  SYSCFG0                                
00000161  SYSCFG0_H                              
00000160  SYSCFG0_L                              
00000162  SYSCFG1                                
00000163  SYSCFG1_H                              
00000162  SYSCFG1_L                              
00000164  SYSCFG2                                
00000165  SYSCFG2_H                              
00000164  SYSCFG2_L                              
00000140  SYSCTL                                 
00000141  SYSCTL_H                               
00000140  SYSCTL_L                               
00000146  SYSJMBC                                
00000147  SYSJMBC_H                              
00000146  SYSJMBC_L                              
00000148  SYSJMBI0                               
00000149  SYSJMBI0_H                             
00000148  SYSJMBI0_L                             
0000014a  SYSJMBI1                               
0000014b  SYSJMBI1_H                             
0000014a  SYSJMBI1_L                             
0000014c  SYSJMBO0                               
0000014d  SYSJMBO0_H                             
0000014c  SYSJMBO0_L                             
0000014e  SYSJMBO1                               
0000014f  SYSJMBO1_H                             
0000014e  SYSJMBO1_L                             
0000015e  SYSRSTIV                               
0000015f  SYSRSTIV_H                             
0000015e  SYSRSTIV_L                             
0000015c  SYSSNIV                                
0000015d  SYSSNIV_H                              
0000015c  SYSSNIV_L                              
0000015a  SYSUNIV                                
0000015b  SYSUNIV_H                              
0000015a  SYSUNIV_L                              
00000392  TA0CCR0                                
00000394  TA0CCR1                                
00000396  TA0CCR2                                
00000382  TA0CCTL0                               
00000384  TA0CCTL1                               
00000386  TA0CCTL2                               
00000380  TA0CTL                                 
000003a0  TA0EX0                                 
000003ae  TA0IV                                  
00000390  TA0R                                   
000003d2  TA1CCR0                                
000003d4  TA1CCR1                                
000003d6  TA1CCR2                                
000003c2  TA1CCTL0                               
000003c4  TA1CCTL1                               
000003c6  TA1CCTL2                               
000003c0  TA1CTL                                 
000003e0  TA1EX0                                 
000003ee  TA1IV                                  
000003d0  TA1R                                   
00000412  TA2CCR0                                
00000414  TA2CCR1                                
00000402  TA2CCTL0                               
00000404  TA2CCTL1                               
00000400  TA2CTL                                 
00000420  TA2EX0                                 
0000042e  TA2IV                                  
00000410  TA2R                                   
00000452  TA3CCR0                                
00000454  TA3CCR1                                
00000442  TA3CCTL0                               
00000444  TA3CCTL1                               
00000440  TA3CTL                                 
00000460  TA3EX0                                 
0000046e  TA3IV                                  
00000450  TA3R                                   
0000e1a4  TRF79xxA_checkExternalRfField          
0000e6a2  TRF79xxA_getCollisionPosition          
0000e6a8  TRF79xxA_getRxBytesReceived            
0000d90e  TRF79xxA_initialSettings               
0000df42  TRF79xxA_irqHandler                    
0000c566  TRF79xxA_processIRQ                    
0000e0fe  TRF79xxA_readContinuous                
0000e556  TRF79xxA_readIrqStatus                 
0000e5b6  TRF79xxA_readRegister                  
0000dd4c  TRF79xxA_reset                         
0000e658  TRF79xxA_resetFIFO                     
0000e4ca  TRF79xxA_resetIrqStatus                
0000e52a  TRF79xxA_sendDirectCommand             
0000e6ae  TRF79xxA_setTrfPowerSetting            
0000d70a  TRF79xxA_setupInitiator                
0000e244  TRF79xxA_timerHandler                  
0000e5ec  TRF79xxA_turnRfOff                     
0000e56a  TRF79xxA_turnRfOn                      
0000de72  TRF79xxA_waitRxData                    
0000d81a  TRF79xxA_waitRxIRQ                     
0000dbb4  TRF79xxA_waitTxIRQ                     
0000d440  TRF79xxA_writeRaw                      
0000e210  TRF79xxA_writeRegister                 
00000510  UCA0ABCTL                              
00000506  UCA0BRW                                
00000507  UCA0BRW_H                              
00000506  UCA0BRW_L                              
00000500  UCA0CTLW0                              
00000501  UCA0CTLW0_H                            
00000500  UCA0CTLW0_L                            
00000502  UCA0CTLW1                              
00000503  UCA0CTLW1_H                            
00000502  UCA0CTLW1_L                            
0000051a  UCA0IE                                 
0000051b  UCA0IE_H                               
0000051a  UCA0IE_L                               
0000051c  UCA0IFG                                
0000051d  UCA0IFG_H                              
0000051c  UCA0IFG_L                              
00000512  UCA0IRCTL                              
00000513  UCA0IRCTL_H                            
00000512  UCA0IRCTL_L                            
0000051e  UCA0IV                                 
00000508  UCA0MCTLW                              
00000509  UCA0MCTLW_H                            
00000508  UCA0MCTLW_L                            
0000050c  UCA0RXBUF                              
0000050d  UCA0RXBUF_H                            
0000050c  UCA0RXBUF_L                            
0000050a  UCA0STATW                              
0000050e  UCA0TXBUF                              
0000050f  UCA0TXBUF_H                            
0000050e  UCA0TXBUF_L                            
00000530  UCA1ABCTL                              
00000526  UCA1BRW                                
00000527  UCA1BRW_H                              
00000526  UCA1BRW_L                              
00000520  UCA1CTLW0                              
00000521  UCA1CTLW0_H                            
00000520  UCA1CTLW0_L                            
00000522  UCA1CTLW1                              
00000523  UCA1CTLW1_H                            
00000522  UCA1CTLW1_L                            
0000053a  UCA1IE                                 
0000053b  UCA1IE_H                               
0000053a  UCA1IE_L                               
0000053c  UCA1IFG                                
0000053d  UCA1IFG_H                              
0000053c  UCA1IFG_L                              
00000532  UCA1IRCTL                              
00000533  UCA1IRCTL_H                            
00000532  UCA1IRCTL_L                            
0000053e  UCA1IV                                 
00000528  UCA1MCTLW                              
00000529  UCA1MCTLW_H                            
00000528  UCA1MCTLW_L                            
0000052c  UCA1RXBUF                              
0000052d  UCA1RXBUF_H                            
0000052c  UCA1RXBUF_L                            
0000052a  UCA1STATW                              
0000052e  UCA1TXBUF                              
0000052f  UCA1TXBUF_H                            
0000052e  UCA1TXBUF_L                            
0000055e  UCB0ADDMASK                            
0000055f  UCB0ADDMASK_H                          
0000055e  UCB0ADDMASK_L                          
0000055c  UCB0ADDRX                              
0000055d  UCB0ADDRX_H                            
0000055c  UCB0ADDRX_L                            
00000546  UCB0BRW                                
00000547  UCB0BRW_H                              
00000546  UCB0BRW_L                              
00000540  UCB0CTLW0                              
00000541  UCB0CTLW0_H                            
00000540  UCB0CTLW0_L                            
00000542  UCB0CTLW1                              
00000543  UCB0CTLW1_H                            
00000542  UCB0CTLW1_L                            
00000554  UCB0I2COA0                             
00000555  UCB0I2COA0_H                           
00000554  UCB0I2COA0_L                           
00000556  UCB0I2COA1                             
00000557  UCB0I2COA1_H                           
00000556  UCB0I2COA1_L                           
00000558  UCB0I2COA2                             
00000559  UCB0I2COA2_H                           
00000558  UCB0I2COA2_L                           
0000055a  UCB0I2COA3                             
0000055b  UCB0I2COA3_H                           
0000055a  UCB0I2COA3_L                           
00000560  UCB0I2CSA                              
00000561  UCB0I2CSA_H                            
00000560  UCB0I2CSA_L                            
0000056a  UCB0IE                                 
0000056b  UCB0IE_H                               
0000056a  UCB0IE_L                               
0000056c  UCB0IFG                                
0000056d  UCB0IFG_H                              
0000056c  UCB0IFG_L                              
0000056e  UCB0IV                                 
0000054c  UCB0RXBUF                              
0000054d  UCB0RXBUF_H                            
0000054c  UCB0RXBUF_L                            
00000548  UCB0STATW                              
00000549  UCB0STATW_H                            
00000548  UCB0STATW_L                            
0000054a  UCB0TBCNT                              
0000054b  UCB0TBCNT_H                            
0000054a  UCB0TBCNT_L                            
0000054e  UCB0TXBUF                              
0000054f  UCB0TXBUF_H                            
0000054e  UCB0TXBUF_L                            
000001cc  WDTCTL                                 
000001cd  WDTCTL_H                               
000001cc  WDTCTL_L                               
00003000  __STACK_END                            
000000a0  __STACK_SIZE                           
0000c55e  __TI_CINIT_Base                        
0000c566  __TI_CINIT_Limit                       
0000c554  __TI_Handler_Table_Base                
0000c55a  __TI_Handler_Table_Limit               
0000e676  __TI_ISR_TRAP                          
0000dc0a  __TI_auto_init_nobinit_nopinit_hold_wdt
0000d97e  __TI_decompress_lzss                   
0000e5c8  __TI_decompress_none                   
0000ffd8  __TI_int40                             
0000ffda  __TI_int41                             
0000ffdc  __TI_int42                             
0000ffde  __TI_int43                             
0000ffe0  __TI_int44                             
0000ffe2  __TI_int45                             
0000ffe4  __TI_int46                             
0000ffe6  __TI_int47                             
0000ffe8  __TI_int48                             
0000ffea  __TI_int49                             
0000ffec  __TI_int50                             
0000ffee  __TI_int51                             
0000fff0  __TI_int52                             
0000fff2  __TI_int53                             
0000fff4  __TI_int54                             
0000fff6  __TI_int55                             
0000fff8  __TI_int56                             
0000fffa  __TI_int57                             
0000fffc  __TI_int58                             
ffffffff  __TI_pprof_out_hndl                    
ffffffff  __TI_prof_data_size                    
ffffffff  __TI_prof_data_start                   
0000e57e  __TI_zero_init_nomemset                
ffffffff  __c_args__                             
0000e66c  __mspabi_slli                          
0000e47a  _c_int00_noargs                        
0000fffe  _reset_vector                          
00002f60  _stack                                 
0000e6ba  _system_post_cinit                     
0000e662  _system_pre_init                       
0000e6b4  abort                                  
0000deba  addKeyPressAndCompare                  
00002342  button                                 
0000e628  capTouchInit                           
0000dd98  checkComms                             
0000e4fc  clearTags                              
0000218c  entry                                  
000021c0  fredTag                                
000022e5  g_bConvCounterFlag                     
00002341  g_bConvTimerFlag                       
00002362  g_bDetectionFlag                       
00002363  g_bEndOfConversionFlag                 
00002364  g_bMaxCountErrorFlag                   
000021cc  g_pCaptivateSensorArray                
00002224  g_pui8TrfBuffer                        
0000219c  g_uiApp                                
000021aa  keys                                   
0000d2ba  main                                   
0000e3dc  memcmp                                 
0000e5da  memcpy                                 
00002365  nfcDuty                                
0000dc5c  nfcInit                                
00002366  nfcStatus                              
00002000  numericKeypad                          
0000e1da  numericKeypadHandler                   
000021d0  numericKeypad_C00                      
00002208  numericKeypad_C00_Elements             
000021d4  numericKeypad_C01                      
0000220a  numericKeypad_C01_Elements             
000021d8  numericKeypad_C02                      
0000220c  numericKeypad_C02_Elements             
000021dc  numericKeypad_C03                      
0000220e  numericKeypad_C03_Elements             
000021e0  numericKeypad_C04                      
00002210  numericKeypad_C04_Elements             
000021e4  numericKeypad_C05                      
00002212  numericKeypad_C05_Elements             
000021e8  numericKeypad_C06                      
00002214  numericKeypad_C06_Elements             
000021ec  numericKeypad_C07                      
00002216  numericKeypad_C07_Elements             
000021f0  numericKeypad_C08                      
00002218  numericKeypad_C08_Elements             
000021f4  numericKeypad_C09                      
0000221a  numericKeypad_C09_Elements             
000021f8  numericKeypad_C10                      
0000221c  numericKeypad_C10_Elements             
000021fc  numericKeypad_C11                      
0000221e  numericKeypad_C11_Elements             
0000203c  numericKeypad_Cycles                   
00002054  numericKeypad_E00                      
00002344  numericKeypad_E00_RawCnts              
0000230a  numericKeypad_E00_Tuning               
0000206c  numericKeypad_E01                      
00002346  numericKeypad_E01_RawCnts              
0000230e  numericKeypad_E01_Tuning               
00002084  numericKeypad_E02                      
00002348  numericKeypad_E02_RawCnts              
00002312  numericKeypad_E02_Tuning               
0000209c  numericKeypad_E03                      
0000234a  numericKeypad_E03_RawCnts              
00002316  numericKeypad_E03_Tuning               
000020b4  numericKeypad_E04                      
0000234c  numericKeypad_E04_RawCnts              
0000231a  numericKeypad_E04_Tuning               
000020cc  numericKeypad_E05                      
0000234e  numericKeypad_E05_RawCnts              
0000231e  numericKeypad_E05_Tuning               
000020e4  numericKeypad_E06                      
00002350  numericKeypad_E06_RawCnts              
00002322  numericKeypad_E06_Tuning               
000020fc  numericKeypad_E07                      
00002352  numericKeypad_E07_RawCnts              
00002326  numericKeypad_E07_Tuning               
00002114  numericKeypad_E08                      
00002354  numericKeypad_E08_RawCnts              
0000232a  numericKeypad_E08_Tuning               
0000212c  numericKeypad_E09                      
00002356  numericKeypad_E09_RawCnts              
0000232e  numericKeypad_E09_Tuning               
00002144  numericKeypad_E10                      
00002358  numericKeypad_E10_RawCnts              
00002332  numericKeypad_E10_Tuning               
0000215c  numericKeypad_E11                      
0000235a  numericKeypad_E11_RawCnts              
00002336  numericKeypad_E11_Tuning               
000022f8  numericKeypad_Params                   
0000e540  openDoor                               
000021b8  passcodeReversed                       
0000201e  proximityAndGuard                      
00002200  proximityAndGuard_C00                  
00002220  proximityAndGuard_C00_Elements         
00002222  proximityAndGuard_Cycles               
00002174  proximityAndGuard_E00                  
0000235c  proximityAndGuard_E00_RawCnts          
0000233a  proximityAndGuard_E00_Tuning           
00002204  proximityAndGuard_Params               
0000e5fc  showFail                               
000021c7  state                                  
0000e642  stateActive                            
0000dcae  storeTag                               
0000df84  tagPermitted                           
0000235e  uid                                    
00002360  uidSize                                
00002288  validTags                              


GLOBAL SYMBOLS: SORTED BY Symbol Address 

address   name                                   
-------   ----                                   
000000a0  __STACK_SIZE                           
00000100  SFRIE1                                 
00000100  SFRIE1_L                               
00000101  SFRIE1_H                               
00000102  SFRIFG1                                
00000102  SFRIFG1_L                              
00000103  SFRIFG1_H                              
00000104  SFRRPCR                                
00000104  SFRRPCR_L                              
00000105  SFRRPCR_H                              
00000120  PMMCTL0                                
00000120  PMMCTL0_L                              
00000121  PMMCTL0_H                              
00000122  PMMCTL1                                
00000122  PMMCTL1_L                              
00000123  PMMCTL1_H                              
00000124  PMMCTL2                                
00000124  PMMCTL2_L                              
00000125  PMMCTL2_H                              
0000012a  PMMIFG                                 
0000012a  PMMIFG_L                               
0000012b  PMMIFG_H                               
0000012e  PMMIE                                  
0000012e  PMMIE_L                                
0000012f  PMMIE_H                                
00000130  PM5CTL0                                
00000130  PM5CTL0_L                              
00000131  PM5CTL0_H                              
00000140  SYSCTL                                 
00000140  SYSCTL_L                               
00000141  SYSCTL_H                               
00000142  SYSBSLC                                
00000142  SYSBSLC_L                              
00000143  SYSBSLC_H                              
00000146  SYSJMBC                                
00000146  SYSJMBC_L                              
00000147  SYSJMBC_H                              
00000148  SYSJMBI0                               
00000148  SYSJMBI0_L                             
00000149  SYSJMBI0_H                             
0000014a  SYSJMBI1                               
0000014a  SYSJMBI1_L                             
0000014b  SYSJMBI1_H                             
0000014c  SYSJMBO0                               
0000014c  SYSJMBO0_L                             
0000014d  SYSJMBO0_H                             
0000014e  SYSJMBO1                               
0000014e  SYSJMBO1_L                             
0000014f  SYSJMBO1_H                             
00000158  SYSBERRIV                              
00000158  SYSBERRIV_L                            
00000159  SYSBERRIV_H                            
0000015a  SYSUNIV                                
0000015a  SYSUNIV_L                              
0000015b  SYSUNIV_H                              
0000015c  SYSSNIV                                
0000015c  SYSSNIV_L                              
0000015d  SYSSNIV_H                              
0000015e  SYSRSTIV                               
0000015e  SYSRSTIV_L                             
0000015f  SYSRSTIV_H                             
00000160  SYSCFG0                                
00000160  SYSCFG0_L                              
00000161  SYSCFG0_H                              
00000162  SYSCFG1                                
00000162  SYSCFG1_L                              
00000163  SYSCFG1_H                              
00000164  SYSCFG2                                
00000164  SYSCFG2_L                              
00000165  SYSCFG2_H                              
00000180  CSCTL0                                 
00000180  CSCTL0_L                               
00000181  CSCTL0_H                               
00000182  CSCTL1                                 
00000182  CSCTL1_L                               
00000183  CSCTL1_H                               
00000184  CSCTL2                                 
00000184  CSCTL2_L                               
00000185  CSCTL2_H                               
00000186  CSCTL3                                 
00000186  CSCTL3_L                               
00000187  CSCTL3_H                               
00000188  CSCTL4                                 
00000188  CSCTL4_L                               
00000189  CSCTL4_H                               
0000018a  CSCTL5                                 
0000018a  CSCTL5_L                               
0000018b  CSCTL5_H                               
0000018c  CSCTL6                                 
0000018c  CSCTL6_L                               
0000018d  CSCTL6_H                               
0000018e  CSCTL7                                 
0000018e  CSCTL7_L                               
0000018f  CSCTL7_H                               
00000190  CSCTL8                                 
00000190  CSCTL8_L                               
00000191  CSCTL8_H                               
000001a0  FRCTL0                                 
000001a0  FRCTL0_L                               
000001a1  FRCTL0_H                               
000001a4  GCCTL0                                 
000001a4  GCCTL0_L                               
000001a5  GCCTL0_H                               
000001a6  GCCTL1                                 
000001a6  GCCTL1_L                               
000001a7  GCCTL1_H                               
000001c0  CRCDI                                  
000001c0  CRCDI_L                                
000001c1  CRCDI_H                                
000001c2  CRCDIRB                                
000001c2  CRCDIRB_L                              
000001c3  CRCDIRB_H                              
000001c4  CRCINIRES                              
000001c4  CRCINIRES_L                            
000001c5  CRCINIRES_H                            
000001c6  CRCRESR                                
000001c6  CRCRESR_L                              
000001c7  CRCRESR_H                              
000001cc  WDTCTL                                 
000001cc  WDTCTL_L                               
000001cd  WDTCTL_H                               
00000200  PAIN                                   
00000200  PAIN_L                                 
00000201  PAIN_H                                 
00000202  PAOUT                                  
00000202  PAOUT_L                                
00000203  PAOUT_H                                
00000204  PADIR                                  
00000204  PADIR_L                                
00000205  PADIR_H                                
00000206  PAREN                                  
00000206  PAREN_L                                
00000207  PAREN_H                                
0000020a  PASEL0                                 
0000020a  PASEL0_L                               
0000020b  PASEL0_H                               
0000020c  PASEL1                                 
0000020c  PASEL1_L                               
0000020d  PASEL1_H                               
0000020e  P1IV                                   
00000218  PAIES                                  
00000218  PAIES_L                                
00000219  PAIES_H                                
0000021a  PAIE                                   
0000021a  PAIE_L                                 
0000021b  PAIE_H                                 
0000021c  PAIFG                                  
0000021c  PAIFG_L                                
0000021d  PAIFG_H                                
0000021e  P2IV                                   
00000220  PBIN                                   
00000220  PBIN_L                                 
00000221  PBIN_H                                 
00000222  PBOUT                                  
00000222  PBOUT_L                                
00000223  PBOUT_H                                
00000224  PBDIR                                  
00000224  PBDIR_L                                
00000225  PBDIR_H                                
00000226  PBREN                                  
00000226  PBREN_L                                
00000227  PBREN_H                                
0000022a  PBSEL0                                 
0000022a  PBSEL0_L                               
0000022b  PBSEL0_H                               
0000022c  PBSEL1                                 
0000022c  PBSEL1_L                               
0000022d  PBSEL1_H                               
00000300  RTCCTL                                 
00000300  RTCCTL_L                               
00000301  RTCCTL_H                               
00000304  RTCIV                                  
00000304  RTCIV_L                                
00000305  RTCIV_H                                
00000308  RTCMOD                                 
00000308  RTCMOD_L                               
00000309  RTCMOD_H                               
0000030c  RTCCNT                                 
0000030c  RTCCNT_L                               
0000030d  RTCCNT_H                               
00000380  TA0CTL                                 
00000382  TA0CCTL0                               
00000384  TA0CCTL1                               
00000386  TA0CCTL2                               
00000390  TA0R                                   
00000392  TA0CCR0                                
00000394  TA0CCR1                                
[...]
00000522  UCA1CTLW1                              
00000522  UCA1CTLW1_L                            
00000523  UCA1CTLW1_H                            
00000526  UCA1BRW                                
00000526  UCA1BRW_L                              
00000527  UCA1BRW_H                              
00000528  UCA1MCTLW                              
00000528  UCA1MCTLW_L                            
00000529  UCA1MCTLW_H                            
0000052a  UCA1STATW                              
0000052c  UCA1RXBUF                              
0000052c  UCA1RXBUF_L                            
0000052d  UCA1RXBUF_H                            
0000052e  UCA1TXBUF                              
0000052e  UCA1TXBUF_L                            
0000052f  UCA1TXBUF_H                            
00000530  UCA1ABCTL                              
00000532  UCA1IRCTL                              
00000532  UCA1IRCTL_L                            
00000533  UCA1IRCTL_H                            
0000053a  UCA1IE                                 
0000053a  UCA1IE_L                               
0000053b  UCA1IE_H                               
0000053c  UCA1IFG                                
0000053c  UCA1IFG_L                              
0000053d  UCA1IFG_H                              
0000053e  UCA1IV                                 
00000540  UCB0CTLW0                              
00000540  UCB0CTLW0_L                            
00000541  UCB0CTLW0_H                            
00000542  UCB0CTLW1                              
00000542  UCB0CTLW1_L                            
00000543  UCB0CTLW1_H                            
00000546  UCB0BRW                                
00000546  UCB0BRW_L                              
00000547  UCB0BRW_H                              
00000548  UCB0STATW                              
00000548  UCB0STATW_L                            
00000549  UCB0STATW_H                            
0000054a  UCB0TBCNT                              
0000054a  UCB0TBCNT_L                            
0000054b  UCB0TBCNT_H                            
0000054c  UCB0RXBUF                              
0000054c  UCB0RXBUF_L                            
0000054d  UCB0RXBUF_H                            
0000054e  UCB0TXBUF                              
0000054e  UCB0TXBUF_L                            
0000054f  UCB0TXBUF_H                            
00000554  UCB0I2COA0                             
00000554  UCB0I2COA0_L                           
00000555  UCB0I2COA0_H                           
00000556  UCB0I2COA1                             
00000556  UCB0I2COA1_L                           
00000557  UCB0I2COA1_H                           
00000558  UCB0I2COA2                             
00000558  UCB0I2COA2_L                           
00000559  UCB0I2COA2_H                           
0000055a  UCB0I2COA3                             
0000055a  UCB0I2COA3_L                           
0000055b  UCB0I2COA3_H                           
0000055c  UCB0ADDRX                              
0000055c  UCB0ADDRX_L                            
0000055d  UCB0ADDRX_H                            
0000055e  UCB0ADDMASK                            
0000055e  UCB0ADDMASK_L                          
0000055f  UCB0ADDMASK_H                          
00000560  UCB0I2CSA                              
00000560  UCB0I2CSA_L                            
00000561  UCB0I2CSA_H                            
0000056a  UCB0IE                                 
0000056a  UCB0IE_L                               
0000056b  UCB0IE_H                               
0000056c  UCB0IFG                                
0000056c  UCB0IFG_L                              
0000056d  UCB0IFG_H                              
0000056e  UCB0IV                                 
00000660  BAKMEM0                                
00000660  BAKMEM0_L                              
00000661  BAKMEM0_H                              
00000662  BAKMEM1                                
00000662  BAKMEM1_L                              
00000663  BAKMEM1_H                              
00000664  BAKMEM2                                
00000664  BAKMEM2_L                              
00000665  BAKMEM2_H                              
00000666  BAKMEM3                                
00000666  BAKMEM3_L                              
00000667  BAKMEM3_H                              
00000668  BAKMEM4                                
00000668  BAKMEM4_L                              
00000669  BAKMEM4_H                              
0000066a  BAKMEM5                                
0000066a  BAKMEM5_L                              
0000066b  BAKMEM5_H                              
0000066c  BAKMEM6                                
0000066c  BAKMEM6_L                              
0000066d  BAKMEM6_H                              
0000066e  BAKMEM7                                
0000066e  BAKMEM7_L                              
0000066f  BAKMEM7_H                              
00000670  BAKMEM8                                
00000670  BAKMEM8_L                              
00000671  BAKMEM8_H                              
00000672  BAKMEM9                                
00000672  BAKMEM9_L                              
00000673  BAKMEM9_H                              
00000674  BAKMEM10                               
00000674  BAKMEM10_L                             
00000675  BAKMEM10_H                             
00000676  BAKMEM11                               
00000676  BAKMEM11_L                             
00000677  BAKMEM11_H                             
00000678  BAKMEM12                               
00000678  BAKMEM12_L                             
00000679  BAKMEM12_H                             
0000067a  BAKMEM13                               
0000067a  BAKMEM13_L                             
0000067b  BAKMEM13_H                             
0000067c  BAKMEM14                               
0000067c  BAKMEM14_L                             
0000067d  BAKMEM14_H                             
0000067e  BAKMEM15                               
0000067e  BAKMEM15_L                             
0000067f  BAKMEM15_H                             
00000700  ADCCTL0                                
00000700  ADCCTL0_L                              
00000701  ADCCTL0_H                              
00000702  ADCCTL1                                
00000702  ADCCTL1_L                              
00000703  ADCCTL1_H                              
00000704  ADCCTL2                                
00000704  ADCCTL2_L                              
00000705  ADCCTL2_H                              
00000706  ADCLO                                  
00000706  ADCLO_L                                
00000707  ADCLO_H                                
00000708  ADCHI                                  
00000708  ADCHI_L                                
00000709  ADCHI_H                                
0000070a  ADCMCTL0                               
0000070a  ADCMCTL0_L                             
0000070b  ADCMCTL0_H                             
00000712  ADCMEM0                                
00000712  ADCMEM0_L                              
00000713  ADCMEM0_H                              
0000071a  ADCIE                                  
0000071a  ADCIE_L                                
0000071b  ADCIE_H                                
0000071c  ADCIFG                                 
0000071c  ADCIFG_L                               
0000071d  ADCIFG_H                               
0000071e  ADCIV                                  
0000071e  ADCIV_L                                
0000071f  ADCIV_H                                
00000b20  CAPIE                                  
00000b20  CAPIE_L                                
00000b21  CAPIE_H                                
00000b22  CAPIFG                                 
00000b22  CAPIFG_L                               
00000b23  CAPIFG_H                               
00000b24  CAPIV                                  
00000b24  CAPIV_L                                
00000b25  CAPIV_H                                
00002000  numericKeypad                          
0000201e  proximityAndGuard                      
0000203c  numericKeypad_Cycles                   
00002054  numericKeypad_E00                      
0000206c  numericKeypad_E01                      
00002084  numericKeypad_E02                      
0000209c  numericKeypad_E03                      
000020b4  numericKeypad_E04                      
000020cc  numericKeypad_E05                      
000020e4  numericKeypad_E06                      
000020fc  numericKeypad_E07                      
00002114  numericKeypad_E08                      
0000212c  numericKeypad_E09                      
00002144  numericKeypad_E10                      
0000215c  numericKeypad_E11                      
00002174  proximityAndGuard_E00                  
0000218c  entry                                  
0000219c  g_uiApp                                
000021aa  keys                                   
000021b8  passcodeReversed                       
000021c0  fredTag                                
000021c7  state                                  
000021cc  g_pCaptivateSensorArray                
000021d0  numericKeypad_C00                      
000021d4  numericKeypad_C01                      
000021d8  numericKeypad_C02                      
000021dc  numericKeypad_C03                      
000021e0  numericKeypad_C04                      
000021e4  numericKeypad_C05                      
000021e8  numericKeypad_C06                      
000021ec  numericKeypad_C07                      
000021f0  numericKeypad_C08                      
000021f4  numericKeypad_C09                      
000021f8  numericKeypad_C10                      
000021fc  numericKeypad_C11                      
00002200  proximityAndGuard_C00                  
00002204  proximityAndGuard_Params               
00002208  numericKeypad_C00_Elements             
0000220a  numericKeypad_C01_Elements             
0000220c  numericKeypad_C02_Elements             
0000220e  numericKeypad_C03_Elements             
00002210  numericKeypad_C04_Elements             
00002212  numericKeypad_C05_Elements             
00002214  numericKeypad_C06_Elements             
00002216  numericKeypad_C07_Elements             
00002218  numericKeypad_C08_Elements             
0000221a  numericKeypad_C09_Elements             
0000221c  numericKeypad_C10_Elements             
0000221e  numericKeypad_C11_Elements             
00002220  proximityAndGuard_C00_Elements         
00002222  proximityAndGuard_Cycles               
00002224  g_pui8TrfBuffer                        
00002288  validTags                              
000022e5  g_bConvCounterFlag                     
000022f8  numericKeypad_Params                   
0000230a  numericKeypad_E00_Tuning               
0000230e  numericKeypad_E01_Tuning               
00002312  numericKeypad_E02_Tuning               
00002316  numericKeypad_E03_Tuning               
0000231a  numericKeypad_E04_Tuning               
0000231e  numericKeypad_E05_Tuning               
00002322  numericKeypad_E06_Tuning               
00002326  numericKeypad_E07_Tuning               
0000232a  numericKeypad_E08_Tuning               
0000232e  numericKeypad_E09_Tuning               
00002332  numericKeypad_E10_Tuning               
00002336  numericKeypad_E11_Tuning               
0000233a  proximityAndGuard_E00_Tuning           
00002341  g_bConvTimerFlag                       
00002342  button                                 
00002344  numericKeypad_E00_RawCnts              
00002346  numericKeypad_E01_RawCnts              
00002348  numericKeypad_E02_RawCnts              
0000234a  numericKeypad_E03_RawCnts              
0000234c  numericKeypad_E04_RawCnts              
0000234e  numericKeypad_E05_RawCnts              
00002350  numericKeypad_E06_RawCnts              
00002352  numericKeypad_E07_RawCnts              
00002354  numericKeypad_E08_RawCnts              
00002356  numericKeypad_E09_RawCnts              
00002358  numericKeypad_E10_RawCnts              
0000235a  numericKeypad_E11_RawCnts              
0000235c  proximityAndGuard_E00_RawCnts          
0000235e  uid                                    
00002360  uidSize                                
00002362  g_bDetectionFlag                       
00002363  g_bEndOfConversionFlag                 
00002364  g_bMaxCountErrorFlag                   
00002365  nfcDuty                                
00002366  nfcStatus                              
00002f60  _stack                                 
00003000  __STACK_END                            
0000c554  __TI_Handler_Table_Base                
0000c55a  __TI_Handler_Table_Limit               
0000c55e  __TI_CINIT_Base                        
0000c566  TRF79xxA_processIRQ                    
0000c566  __TI_CINIT_Limit                       
0000c7dc  ISO14443A_runAnticollision             
0000c9fc  ISO14443A_selectTag                    
0000cbce  CAPT_calibrateGain                     
0000cd96  CAPT_calibrateOffset                   
0000cf34  ISO14443A_sendSelectCmd                
0000d08c  ISO14443A_sendAnticollisionCmd         
0000d1b2  CAPT_updateSensor                      
0000d2ba  main                                   
0000d37e  ISO14443A_storeUID                     
0000d440  TRF79xxA_writeRaw                      
0000d4f8  CS_initFLL                             
0000d5ae  CS_initClockSignal                     
0000d662  BSP_configureMCU                       
0000d70a  TRF79xxA_setupInitiator                
0000d794  ISO14443A_sendPollCmd                  
0000d81a  TRF79xxA_waitRxIRQ                     
0000d89e  CAPT_testForRecalibration              
0000d90e  TRF79xxA_initialSettings               
0000d97e  __TI_decompress_lzss                   
0000d9ec  CAPT_updateUI                          
0000da4c  CAPT_processSensor                     
0000daaa  CAPT_processFSMCycle                   
0000db06  ISO14443A_init                         
0000db5e  CAPT_updateSensorNoise                 
0000dbb4  TRF79xxA_waitTxIRQ                     
0000dc0a  __TI_auto_init_nobinit_nopinit_hold_wdt
0000dc5c  nfcInit                                
0000dcae  storeTag                               
0000dcfe  CAPT_preProcessSlider                  
0000dd4c  TRF79xxA_reset                         
0000dd98  checkComms                             
0000dde2  CAPT_flagAllElementsForReseed          
0000de2a  CAPT_loadCycle                         
0000de72  TRF79xxA_waitRxData                    
0000deba  addKeyPressAndCompare                  
0000df00  NFC_Find14443A                         
0000df42  TRF79xxA_irqHandler                    
0000df84  tagPermitted                           
0000dfc6  CAPT_ISR                               
0000e006  CAPT_initUI                            
0000e046  CAPT_unloadCycle                       
0000e084  CS_turnOnXT1LFWithTimeout              
0000e0c2  CAPT_appStart                          
0000e0fe  SPI_readCont                           
0000e0fe  TRF79xxA_readContinuous                
0000e138  CAPT_updateSensorTimeout               
0000e16e  SPI_rawWrite                           
0000e1a4  TRF79xxA_checkExternalRfField          
0000e1da  numericKeypadHandler                   
0000e210  TRF79xxA_writeRegister                 
0000e244  TRF79xxA_timerHandler                  
0000e274  CAPT_appSleep                          
0000e2a2  CAPT_startConversionAndWaitUntilDone   
0000e2d0  SPI_usciSet                            
0000e2fc  CAPT_appHandler                        
0000e326  SPI_readSingle                         
0000e34e  CAPT_blockOnFlag                       
0000e374  CAPT_getGlobalUIProximityStatus        
0000e398  CAPT_calibrateSensor                   
0000e3ba  MCU_delayMillisecond                   
0000e3dc  memcmp                                 
0000e3fe  CAPT_calibrateUI                       
0000e41e  CAPT_testForMaxCountRecalibration      
0000e43e  CS_clearAllOscFlagsWithTimeout         
0000e45c  SPI_writeSingle                        
0000e47a  _c_int00_noargs                        
0000e496  CAPT_init                              
0000e4b0  MCU_setCounter                         
0000e4ca  TRF79xxA_resetIrqStatus                
0000e4e4  CAPT_testForNegativeTouchRecalibration 
0000e4fc  clearTags                              
0000e514  FRAMCtl_configureWaitStateControl      
0000e52a  SPI_directCommand                      
0000e52a  TRF79xxA_sendDirectCommand             
0000e540  openDoor                               
0000e556  TRF79xxA_readIrqStatus                 
0000e56a  TRF79xxA_turnRfOn                      
0000e57e  __TI_zero_init_nomemset                
0000e592  SPI_receiveByte                        
0000e5a4  SPI_setup                              
0000e5b6  TRF79xxA_readRegister                  
0000e5c8  __TI_decompress_none                   
0000e5da  memcpy                                 
0000e5ec  TRF79xxA_turnRfOff                     
0000e5fc  showFail                               
0000e60c  CAPT_initSensor                        
0000e61a  SPI_sendByte                           
0000e628  capTouchInit                           
0000e636  NFC_init                               
0000e642  stateActive                            
0000e64e  CS_setExternalClockSource              
0000e658  TRF79xxA_resetFIFO                     
0000e662  _system_pre_init                       
0000e66c  __mspabi_slli                          
0000e676  __TI_ISR_TRAP                          
0000e67e  CAPT_clearIFG                          
0000e684  CAPT_getInterruptVector                
0000e68a  ISO14443A_getUid                       
0000e690  ISO14443A_getUidSize                   
0000e696  ISO14443A_setRecursionCount            
0000e69c  NDEF_setBlockNumberBit                 
0000e6a2  TRF79xxA_getCollisionPosition          
0000e6a8  TRF79xxA_getRxBytesReceived            
0000e6ae  TRF79xxA_setTrfPowerSetting            
0000e6b4  C$$EXIT                                
0000e6b4  abort                                  
0000e6ba  _system_post_cinit                     
0000ffd8  __TI_int40                             
0000ffda  __TI_int41                             
0000ffdc  __TI_int42                             
0000ffde  __TI_int43                             
0000ffe0  __TI_int44                             
0000ffe2  __TI_int45                             
0000ffe4  __TI_int46                             
0000ffe6  __TI_int47                             
0000ffe8  __TI_int48                             
0000ffea  __TI_int49                             
0000ffec  __TI_int50                             
0000ffee  __TI_int51                             
0000fff0  __TI_int52                             
0000fff2  __TI_int53                             
0000fff4  __TI_int54                             
0000fff6  __TI_int55                             
0000fff8  __TI_int56                             
0000fffa  __TI_int57                             
0000fffc  __TI_int58                             
0000fffe  _reset_vector                          
ffffffff  __TI_pprof_out_hndl                    
ffffffff  __TI_prof_data_size                    
ffffffff  __TI_prof_data_start                   
ffffffff  __c_args__                             

[709 symbols]
